<html>
<body>
<pre>
<h1>µVision Build Log</h1>
<h2>Tool Versions:</h2>
IDE-Version: ¦ÌVision V5.38.0.0
Copyright (C) 2022 ARM Ltd and ARM Germany GmbH. All rights reserved.
License Information: my Lenovo, xjtu, LIC=WHYH9-4LL7H-560Q2-9DFVT-PJ1CU-AQ642
 
Tool Versions:
Toolchain:       MDK-ARM Plus  Version: 5.38.0.0
Toolchain Path:  F:\Keil\ARM\ARMCLANG\Bin
C Compiler:      ArmClang.exe V6.19
Assembler:       Armasm.exe V6.19
Linker/Locator:  ArmLink.exe V6.19
Library Manager: ArmAr.exe V6.19
Hex Converter:   FromElf.exe V6.19
CPU DLL:         SARMCM3.DLL V5.38.0.0
Dialog DLL:      DCM.DLL V1.17.5.0
Target DLL:      Segger\JL2CM3.dll V2.99.42.0
Dialog DLL:      TCM.DLL V1.56.4.0
 
<h2>Project:</h2>
E:\2026volleyball\volleyball\vollleyball_champion\UNITREE485_3_8\MDK-ARM\H7TEST.uvprojx
Project File Date:  03/08/2026

<h2>Output:</h2>
*** Using Compiler 'V6.19', folder: 'F:\Keil\ARM\ARMCLANG\Bin'
Rebuild target 'H7TEST'
compiling gpio.c...
compiling fdcan.c...
compiling stm32h7xx_hal_gpio.c...
compiling usart.c...
compiling spi.c...
compiling main.c...
assembling startup_stm32h723xx.s...
compiling stm32h7xx_it.c...
compiling stm32h7xx_hal_cortex.c...
compiling stm32h7xx_hal_msp.c...
compiling usb_otg.c...
compiling tim.c...
compiling stm32h7xx_hal_flash.c...
compiling stm32h7xx_hal_flash_ex.c...
compiling stm32h7xx_hal_rcc.c...
compiling stm32h7xx_hal_rcc_ex.c...
compiling stm32h7xx_hal_hsem.c...
compiling stm32h7xx_hal_dma_ex.c...
compiling stm32h7xx_hal_dma.c...
compiling stm32h7xx_hal_pwr.c...
compiling stm32h7xx_hal_mdma.c...
compiling stm32h7xx_hal_pwr_ex.c...
compiling stm32h7xx_hal.c...
compiling stm32h7xx_hal_i2c_ex.c...
compiling stm32h7xx_hal_exti.c...
compiling stm32h7xx_hal_uart_ex.c...
compiling stm32h7xx_hal_spi_ex.c...
compiling stm32h7xx_hal_i2c.c...
compiling stm32h7xx_hal_fdcan.c...
compiling stm32h7xx_hal_spi.c...
compiling crc_ccitt.c...
compiling stm32h7xx_hal_uart.c...
compiling gom_protocol.c...
compiling stm32h7xx_hal_pcd_ex.c...
compiling system_stm32h7xx.c...
compiling stm32h7xx_hal_pcd.c...
compiling stm32h7xx_hal_tim_ex.c...
compiling stm32h7xx_hal_tim.c...
compiling unitree_motor.c...
compiling stm32h7xx_ll_usb.c...
linking...
Program Size: Code=33892 RO-data=1984 RW-data=28 ZI-data=2236  
FromELF: creating hex file...
"H7TEST\H7TEST.axf" - 0 Error(s), 0 Warning(s).

<h2>Software Packages used:</h2>

Package Vendor: ARM
                http://www.keil.com/pack/ARM.CMSIS.5.9.0.pack
                ARM.CMSIS.5.9.0
                CMSIS (Common Microcontroller Software Interface Standard)
   * Component: CORE Version: 5.6.0

Package Vendor: Keil
                http://www.keil.com/pack/Keil.STM32H7xx_DFP.3.0.0.pack
                Keil.STM32H7xx_DFP.3.0.0
                STMicroelectronics STM32H7 Series Device Support and Examples

<h2>Collection of Component include folders:</h2>
  ./RTE/_H7TEST
  F:/Keil/ARM/CMSIS/5.9.0/CMSIS/Core/Include
  F:/Keil/Keil/STM32H7xx_DFP/3.0.0/Drivers/CMSIS/Device/ST/STM32H7xx/Include

<h2>Collection of Component Files used:</h2>

   * Component: ARM::CMSIS:CORE:5.6.0
      Include file:  CMSIS/Core/Include/tz_context.h
Build Time Elapsed:  00:00:01
</pre>
</body>
</html>
