<html>
<body>
<pre>
<h1>µVision Build Log</h1>
<h2>Tool Versions:</h2>
IDE-Version: ¦ÌVision V5.38.0.0
Copyright (C) 2022 ARM Ltd and ARM Germany GmbH. All rights reserved.
License Information: my Lenovo, xjtu, LIC=WHYH9-4LL7H-560Q2-9DFVT-PJ1CU-AQ642
 
Tool Versions:
Toolchain:       MDK-ARM Plus  Version: 5.38.0.0
Toolchain Path:  F:\Keil\ARM\ARMCLANG\Bin
C Compiler:      ArmClang.exe V6.19
Assembler:       Armasm.exe V6.19
Linker/Locator:  ArmLink.exe V6.19
Library Manager: ArmAr.exe V6.19
Hex Converter:   FromElf.exe V6.19
CPU DLL:         SARMCM3.DLL V5.38.0.0
Dialog DLL:      DCM.DLL V1.17.5.0
Target DLL:      Segger\JL2CM3.dll V2.99.42.0
Dialog DLL:      TCM.DLL V1.56.4.0
 
<h2>Project:</h2>
E:\2026volleyball\volleyball\vollleyball_champion\small_duolun_3_2026_3_3\small_duolun_3\small_duolun_chassis\MDK-ARM\Volleyball2_chassis.uvprojx
Project File Date:  01/27/2026

<h2>Output:</h2>
*** Using Compiler 'V6.19', folder: 'F:\Keil\ARM\ARMCLANG\Bin'
Rebuild target 'Volleyball2_chassis'
assembling startup_stm32g474xx.s...
compiling main.c...
compiling stm32g4xx_hal_gpio.c...
compiling dma.c...
compiling usart.c...
compiling stm32g4xx_hal.c...
compiling stm32g4xx_it.c...
compiling stm32g4xx_hal_flash_ramfunc.c...
compiling fdcan.c...
compiling gpio.c...
compiling stm32g4xx_hal_msp.c...
compiling stm32g4xx_hal_flash.c...
compiling stm32g4xx_hal_fdcan.c...
compiling stm32g4xx_hal_flash_ex.c...
compiling stm32g4xx_hal_rcc.c...
compiling stm32g4xx_hal_rcc_ex.c...
compiling stm32g4xx_hal_exti.c...
compiling stm32g4xx_hal_dma.c...
compiling stm32g4xx_hal_dma_ex.c...
compiling stm32g4xx_hal_pwr.c...
compiling stm32g4xx_hal_pwr_ex.c...
compiling stm32g4xx_hal_cortex.c...
compiling stm32g4xx_hal_uart_ex.c...
compiling pid.c...
compiling system_stm32g4xx.c...
compiling vesc.c...
compiling stm32g4xx_hal_uart.c...
compiling vesc_rx.c...
compiling dji_motor.c...
compiling chassis_task.c...
compiling fdcan_bsp.c...
compiling control.c...
linking...
Program Size: Code=27932 RO-data=584 RW-data=52 ZI-data=9564  
FromELF: creating hex file...
"Volleyball2_chassis\Volleyball2_chassis.axf" - 0 Error(s), 0 Warning(s).

<h2>Software Packages used:</h2>

Package Vendor: ARM
                http://www.keil.com/pack/ARM.CMSIS.5.9.0.pack
                ARM.CMSIS.5.9.0
                CMSIS (Common Microcontroller Software Interface Standard)
   * Component: CORE Version: 5.6.0

Package Vendor: Keil
                https://www.keil.com/pack/Keil.STM32G4xx_DFP.2.0.0.pack
                Keil.STM32G4xx_DFP.2.0.0
                STMicroelectronics STM32G4 Series Device Support

<h2>Collection of Component include folders:</h2>
  ./RTE/_Volleyball2_chassis
  F:/Keil/ARM/CMSIS/5.9.0/CMSIS/Core/Include

<h2>Collection of Component Files used:</h2>

   * Component: ARM::CMSIS:CORE:5.6.0
      Include file:  CMSIS/Core/Include/tz_context.h
Build Time Elapsed:  00:00:01
</pre>
</body>
</html>
