*** Using Compiler 'V6.19', folder: 'F:\Keil\ARM\ARMCLANG\Bin'
Rebuild target 'R1_Locator_FDCAN'
compiling stm32g4xx_hal_msp.c...
compiling stm32g4xx_it.c...
assembling startup_stm32g473xx.s...
compiling fdcan.c...
compiling stm32g4xx_hal_flash_ramfunc.c...
compiling gpio.c...
compiling usart.c...
compiling tim.c...
compiling stm32g4xx_hal_gpio.c...
compiling stm32g4xx_hal.c...
compiling stm32g4xx_hal_fdcan.c...
compiling stm32g4xx_hal_flash.c...
compiling stm32g4xx_hal_rcc_ex.c...
compiling main.c...
compiling stm32g4xx_hal_flash_ex.c...
compiling stm32g4xx_hal_exti.c...
compiling stm32g4xx_hal_rcc.c...
compiling stm32g4xx_hal_dma_ex.c...
compiling stm32g4xx_hal_dma.c...
compiling stm32g4xx_hal_pwr.c...
compiling stm32g4xx_hal_pwr_ex.c...
compiling stm32g4xx_hal_cortex.c...
compiling system_stm32g4xx.c...
compiling bsp_can.c...
compiling stm32g4xx_hal_uart_ex.c...
compiling stm32g4xx_hal_tim_ex.c...
compiling stm32g4xx_hal_uart.c...
compiling stm32g4xx_hal_tim.c...
linking...
R1_dipan_FDCAN\R1_dipan_FDCAN.axf: Error: L6218E: Undefined symbol if_gyro_right (referred from stm32g4xx_it.o).
R1_dipan_FDCAN\R1_dipan_FDCAN.axf: Error: L6218E: Undefined symbol gyro_buffer (referred from stm32g4xx_it.o).
Not enough information to list image symbols.
Not enough information to list load addresses in the image map.
Finished: 2 information, 0 warning and 2 error messages.
"R1_dipan_FDCAN\R1_dipan_FDCAN.axf" - 2 Error(s), 0 Warning(s).
Target not created.
Build Time Elapsed:  00:00:02
