<html>
<body>
<pre>
<h1>µVision Build Log</h1>
<h2>Tool Versions:</h2>
IDE-Version: ¦ÌVision V5.43.1.0
Copyright (C) 2025 ARM Ltd and ARM Germany GmbH. All rights reserved.
License Information: my Lenovo
xjtu
User-based license: Keil MDK Community (non-commercial free of charge)
Valid until: Jun 1 2033. Cached until: Apr 9 2026
 
Tool Versions:
Toolchain:       Keil MDK Community (non-commercial free of charge  Version: 5.43.0.0
Toolchain Path:  F:\Keil\ARM\ARMCLANG\Bin
C Compiler:      ArmClang.exe V6.24
Assembler:       Armasm.exe V6.24
Linker/Locator:  ArmLink.exe V6.24
Library Manager: ArmAr.exe V6.24
Hex Converter:   FromElf.exe V6.24
CPU DLL:         SARMCM3.DLL V5.43.0.0
Dialog DLL:      DCM.DLL V1.17.5.0
Target DLL:      CMSIS_AGDI.dll V1.33.24.0
Dialog DLL:      TCM.DLL V1.56.6.0
 
<h2>Project:</h2>
E:\2026volleyball\volleyball\vollleyball_champion\volleyball_G4_2026_3_14\big-success-2026-3-28_without_unitree_planner\big-success-2026-2-5_without_unitree_planner\MDK-ARM\fdcan_test.uvprojx
Project File Date:  03/14/2026

<h2>Output:</h2>
*** Using Compiler 'V6.24', folder: 'F:\Keil\ARM\ARMCLANG\Bin'
Build target 'fdcan_test'
assembling startup_stm32g474xx.s...
compiling stm32g4xx_hal_rcc.c...
compiling app_freertos.c...
compiling stm32g4xx_it.c...
compiling main.c...
compiling dma.c...
compiling stm32g4xx_hal_timebase_tim.c...
compiling stm32g4xx_hal_fdcan.c...
compiling stm32g4xx_hal.c...
compiling fdcan.c...
compiling gpio.c...
compiling stm32g4xx_hal_msp.c...
compiling usart.c...
compiling stm32g4xx_hal_flash.c...
compiling stm32g4xx_hal_rcc_ex.c...
compiling stm32g4xx_hal_flash_ex.c...
compiling stm32g4xx_hal_tim_ex.c...
compiling stm32g4xx_hal_gpio.c...
compiling stm32g4xx_hal_flash_ramfunc.c...
compiling stm32g4xx_hal_exti.c...
compiling stm32g4xx_hal_dma.c...
compiling stm32g4xx_hal_tim.c...
compiling stm32g4xx_hal_dma_ex.c...
compiling stm32g4xx_hal_pwr.c...
compiling stm32g4xx_hal_pwr_ex.c...
compiling stm32g4xx_hal_cortex.c...
compiling system_stm32g4xx.c...
compiling croutine.c...
compiling stm32g4xx_hal_uart_ex.c...
compiling list.c...
compiling event_groups.c...
compiling stream_buffer.c...
compiling stm32g4xx_hal_uart.c...
compiling queue.c...
compiling timers.c...
compiling heap_4.c...
compiling tasks.c...
compiling port.c...
compiling fdcan_bsp.c...
compiling cmsis_os2.c...
compiling chassis_task.c...
compiling pid.c...
compiling robot_data.c...
compiling dji_motor.c...
compiling unitree_driver.c...
compiling remote_driver.c...
compiling mechanism_task.c...
compiling Task_command.c...
compiling chassis_path_task.c...
compiling Pan_Tilt_control.c...
linking...
Program Size: Code=57636 RO-data=1932 RW-data=84 ZI-data=23316  
FromELF: creating hex file...
"fdcan_test\fdcan_test.axf" - 0 Error(s), 0 Warning(s).

<h2>Software Packages used:</h2>

Package Vendor: ARM
                https://www.keil.com/pack/ARM.CMSIS.6.3.0.pack
                ARM::CMSIS@6.3.0
                CMSIS (Common Microcontroller Software Interface Standard)
   * Component: CORE Version: 6.2.0

Package Vendor: Keil
                https://www.keil.com/pack/Keil.STM32G4xx_DFP.2.0.0.pack
                Keil::STM32G4xx_DFP@2.0.0
                STMicroelectronics STM32G4 Series Device Support

<h2>Collection of Component include folders:</h2>
  ./RTE/_fdcan_test
  F:/Keil/ARM/CMSIS/6.3.0/CMSIS/Core/Include

<h2>Collection of Component Files used:</h2>

   * Component: ARM::CMSIS:CORE@6.2.0
      Include file:  CMSIS/Core/Include/tz_context.h
Build Time Elapsed:  00:00:03
</pre>
</body>
</html>
