*** Using Compiler 'V6.19', folder: 'F:\Keil\ARM\ARMCLANG\Bin'
Rebuild target 'volleyball2_H7'
compiling spi.c...
compiling tim.c...
compiling gpio.c...
compiling usb_otg.c...
compiling usart.c...
compiling stm32h7xx_hal_msp.c...
assembling startup_stm32h723xx.s...
compiling stm32h7xx_hal_timebase_tim.c...
compiling stm32h7xx_hal_cortex.c...
compiling stm32h7xx_it.c...
compiling dma.c...
compiling main.c...
compiling fdcan.c...
compiling freertos.c...
compiling stm32h7xx_hal_tim_ex.c...
compiling stm32h7xx_hal_rcc.c...
compiling stm32h7xx_hal_flash.c...
compiling stm32h7xx_hal_flash_ex.c...
compiling stm32h7xx_hal_tim.c...
compiling stm32h7xx_hal_rcc_ex.c...
compiling stm32h7xx_hal_gpio.c...
compiling stm32h7xx_hal_hsem.c...
compiling stm32h7xx_hal_dma_ex.c...
compiling stm32h7xx_hal_i2c_ex.c...
compiling stm32h7xx_hal_exti.c...
compiling stm32h7xx_hal_pwr.c...
compiling stm32h7xx_hal.c...
compiling stm32h7xx_hal_dma.c...
compiling stm32h7xx_hal_pwr_ex.c...
compiling stm32h7xx_hal_mdma.c...
compiling stm32h7xx_hal_uart_ex.c...
compiling stm32h7xx_hal_spi_ex.c...
compiling stm32h7xx_hal_pcd_ex.c...
compiling stm32h7xx_hal_fdcan.c...
compiling stm32h7xx_hal_pcd.c...
compiling croutine.c...
compiling stm32h7xx_hal_uart.c...
compiling stm32h7xx_hal_spi.c...
compiling list.c...
compiling stm32h7xx_hal_i2c.c...
compiling event_groups.c...
compiling system_stm32h7xx.c...
compiling stream_buffer.c...
compiling heap_4.c...
compiling queue.c...
compiling stm32h7xx_ll_usb.c...
compiling timers.c...
compiling tasks.c...
compiling port.c...
compiling pid.c...
compiling chassis_task.c...
compiling chassis_path_task.c...
compiling remote_driver.c...
compiling cmsis_os2.c...
compiling ramp.c...
compiling crc_ccitt.c...
compiling gom_protocol.c...
compiling dji_motor.c...
compiling fdcan_bsp.c...
compiling robot_data.c...
compiling mechanism_task.c...
compiling Pan_Tilt_control.c...
compiling Task_command.c...
compiling unitree_motor.c...
linking...
Program Size: Code=87132 RO-data=2740 RW-data=56 ZI-data=29576  
FromELF: creating hex file...
"volleyball2_H7\volleyball2_H7.axf" - 0 Error(s), 0 Warning(s).
Build Time Elapsed:  00:00:02
