<!doctype html public "-//w3c//dtd html 4.0 transitional//en">
<html><head>
<title>Static Call Graph - [Pan-Tilt\Pan-Tilt.axf]</title></head>
<body><HR>
<H1>Static Call Graph for image Pan-Tilt\Pan-Tilt.axf</H1><HR>
<BR><P>#&#060CALLGRAPH&#062# ARM Linker, 6190004: Last Updated: Fri Jan 30 17:25:50 2026
<BR><P>
<H3>Maximum Stack Usage =        296 bytes + Unknown(Functions without stacksize, Cycles, Untraceable Function Pointers)</H3><H3>
Call chain for Maximum Stack Depth:</H3>
__rt_entry_main &rArr; main &rArr; MX_FDCAN2_Init &rArr; HAL_FDCAN_Init &rArr; HAL_FDCAN_MspInit &rArr; HAL_NVIC_SetPriority &rArr; NVIC_EncodePriority
<P>
<H3>
Functions with no stack information
</H3><UL>
 <LI><a href="#[80]">__user_initial_stackheap</a>
</UL>
</UL>
<P>
<H3>
Mutually Recursive functions
</H3> <LI><a href="#[1c]">ADC1_2_IRQHandler</a>&nbsp;&nbsp;&nbsp;&rArr;&nbsp;&nbsp;&nbsp;<a href="#[1c]">ADC1_2_IRQHandler</a><BR>
</UL>
<P>
<H3>
Function Pointers
</H3><UL>
 <LI><a href="#[1c]">ADC1_2_IRQHandler</a> from startup_stm32g473xx.o(.text) referenced from startup_stm32g473xx.o(RESET)
 <LI><a href="#[39]">ADC3_IRQHandler</a> from startup_stm32g473xx.o(.text) referenced from startup_stm32g473xx.o(RESET)
 <LI><a href="#[47]">ADC4_IRQHandler</a> from startup_stm32g473xx.o(.text) referenced from startup_stm32g473xx.o(RESET)
 <LI><a href="#[48]">ADC5_IRQHandler</a> from startup_stm32g473xx.o(.text) referenced from startup_stm32g473xx.o(RESET)
 <LI><a href="#[4]">BusFault_Handler</a> from stm32g4xx_it.o(.text.BusFault_Handler) referenced from startup_stm32g473xx.o(RESET)
 <LI><a href="#[4a]">COMP1_2_3_IRQHandler</a> from startup_stm32g473xx.o(.text) referenced from startup_stm32g473xx.o(RESET)
 <LI><a href="#[4b]">COMP4_5_6_IRQHandler</a> from startup_stm32g473xx.o(.text) referenced from startup_stm32g473xx.o(RESET)
 <LI><a href="#[4c]">COMP7_IRQHandler</a> from startup_stm32g473xx.o(.text) referenced from startup_stm32g473xx.o(RESET)
 <LI><a href="#[65]">CORDIC_IRQHandler</a> from startup_stm32g473xx.o(.text) referenced from startup_stm32g473xx.o(RESET)
 <LI><a href="#[4d]">CRS_IRQHandler</a> from startup_stm32g473xx.o(.text) referenced from startup_stm32g473xx.o(RESET)
 <LI><a href="#[15]">DMA1_Channel1_IRQHandler</a> from stm32g4xx_it.o(.text.DMA1_Channel1_IRQHandler) referenced from startup_stm32g473xx.o(RESET)
 <LI><a href="#[16]">DMA1_Channel2_IRQHandler</a> from stm32g4xx_it.o(.text.DMA1_Channel2_IRQHandler) referenced from startup_stm32g473xx.o(RESET)
 <LI><a href="#[17]">DMA1_Channel3_IRQHandler</a> from startup_stm32g473xx.o(.text) referenced from startup_stm32g473xx.o(RESET)
 <LI><a href="#[18]">DMA1_Channel4_IRQHandler</a> from startup_stm32g473xx.o(.text) referenced from startup_stm32g473xx.o(RESET)
 <LI><a href="#[19]">DMA1_Channel5_IRQHandler</a> from startup_stm32g473xx.o(.text) referenced from startup_stm32g473xx.o(RESET)
 <LI><a href="#[1a]">DMA1_Channel6_IRQHandler</a> from startup_stm32g473xx.o(.text) referenced from startup_stm32g473xx.o(RESET)
 <LI><a href="#[1b]">DMA1_Channel7_IRQHandler</a> from startup_stm32g473xx.o(.text) referenced from startup_stm32g473xx.o(RESET)
 <LI><a href="#[61]">DMA1_Channel8_IRQHandler</a> from startup_stm32g473xx.o(.text) referenced from startup_stm32g473xx.o(RESET)
 <LI><a href="#[42]">DMA2_Channel1_IRQHandler</a> from startup_stm32g473xx.o(.text) referenced from startup_stm32g473xx.o(RESET)
 <LI><a href="#[43]">DMA2_Channel2_IRQHandler</a> from startup_stm32g473xx.o(.text) referenced from startup_stm32g473xx.o(RESET)
 <LI><a href="#[44]">DMA2_Channel3_IRQHandler</a> from startup_stm32g473xx.o(.text) referenced from startup_stm32g473xx.o(RESET)
 <LI><a href="#[45]">DMA2_Channel4_IRQHandler</a> from startup_stm32g473xx.o(.text) referenced from startup_stm32g473xx.o(RESET)
 <LI><a href="#[46]">DMA2_Channel5_IRQHandler</a> from startup_stm32g473xx.o(.text) referenced from startup_stm32g473xx.o(RESET)
 <LI><a href="#[62]">DMA2_Channel6_IRQHandler</a> from startup_stm32g473xx.o(.text) referenced from startup_stm32g473xx.o(RESET)
 <LI><a href="#[63]">DMA2_Channel7_IRQHandler</a> from startup_stm32g473xx.o(.text) referenced from startup_stm32g473xx.o(RESET)
 <LI><a href="#[64]">DMA2_Channel8_IRQHandler</a> from startup_stm32g473xx.o(.text) referenced from startup_stm32g473xx.o(RESET)
 <LI><a href="#[5f]">DMAMUX_OVR_IRQHandler</a> from startup_stm32g473xx.o(.text) referenced from startup_stm32g473xx.o(RESET)
 <LI><a href="#[7]">DebugMon_Handler</a> from stm32g4xx_it.o(.text.DebugMon_Handler) referenced from startup_stm32g473xx.o(RESET)
 <LI><a href="#[10]">EXTI0_IRQHandler</a> from startup_stm32g473xx.o(.text) referenced from startup_stm32g473xx.o(RESET)
 <LI><a href="#[32]">EXTI15_10_IRQHandler</a> from startup_stm32g473xx.o(.text) referenced from startup_stm32g473xx.o(RESET)
 <LI><a href="#[11]">EXTI1_IRQHandler</a> from startup_stm32g473xx.o(.text) referenced from startup_stm32g473xx.o(RESET)
 <LI><a href="#[12]">EXTI2_IRQHandler</a> from startup_stm32g473xx.o(.text) referenced from startup_stm32g473xx.o(RESET)
 <LI><a href="#[13]">EXTI3_IRQHandler</a> from startup_stm32g473xx.o(.text) referenced from startup_stm32g473xx.o(RESET)
 <LI><a href="#[14]">EXTI4_IRQHandler</a> from startup_stm32g473xx.o(.text) referenced from startup_stm32g473xx.o(RESET)
 <LI><a href="#[21]">EXTI9_5_IRQHandler</a> from startup_stm32g473xx.o(.text) referenced from startup_stm32g473xx.o(RESET)
 <LI><a href="#[1f]">FDCAN1_IT0_IRQHandler</a> from stm32g4xx_it.o(.text.FDCAN1_IT0_IRQHandler) referenced from startup_stm32g473xx.o(RESET)
 <LI><a href="#[20]">FDCAN1_IT1_IRQHandler</a> from stm32g4xx_it.o(.text.FDCAN1_IT1_IRQHandler) referenced from startup_stm32g473xx.o(RESET)
 <LI><a href="#[57]">FDCAN2_IT0_IRQHandler</a> from stm32g4xx_it.o(.text.FDCAN2_IT0_IRQHandler) referenced from startup_stm32g473xx.o(RESET)
 <LI><a href="#[58]">FDCAN2_IT1_IRQHandler</a> from stm32g4xx_it.o(.text.FDCAN2_IT1_IRQHandler) referenced from startup_stm32g473xx.o(RESET)
 <LI><a href="#[59]">FDCAN3_IT0_IRQHandler</a> from startup_stm32g473xx.o(.text) referenced from startup_stm32g473xx.o(RESET)
 <LI><a href="#[5a]">FDCAN3_IT1_IRQHandler</a> from startup_stm32g473xx.o(.text) referenced from startup_stm32g473xx.o(RESET)
 <LI><a href="#[e]">FLASH_IRQHandler</a> from startup_stm32g473xx.o(.text) referenced from startup_stm32g473xx.o(RESET)
 <LI><a href="#[66]">FMAC_IRQHandler</a> from startup_stm32g473xx.o(.text) referenced from startup_stm32g473xx.o(RESET)
 <LI><a href="#[3a]">FMC_IRQHandler</a> from startup_stm32g473xx.o(.text) referenced from startup_stm32g473xx.o(RESET)
 <LI><a href="#[53]">FPU_IRQHandler</a> from startup_stm32g473xx.o(.text) referenced from startup_stm32g473xx.o(RESET)
 <LI><a href="#[2]">HardFault_Handler</a> from stm32g4xx_it.o(.text.HardFault_Handler) referenced from startup_stm32g473xx.o(RESET)
 <LI><a href="#[2a]">I2C1_ER_IRQHandler</a> from startup_stm32g473xx.o(.text) referenced from startup_stm32g473xx.o(RESET)
 <LI><a href="#[29]">I2C1_EV_IRQHandler</a> from startup_stm32g473xx.o(.text) referenced from startup_stm32g473xx.o(RESET)
 <LI><a href="#[2c]">I2C2_ER_IRQHandler</a> from startup_stm32g473xx.o(.text) referenced from startup_stm32g473xx.o(RESET)
 <LI><a href="#[2b]">I2C2_EV_IRQHandler</a> from startup_stm32g473xx.o(.text) referenced from startup_stm32g473xx.o(RESET)
 <LI><a href="#[5e]">I2C3_ER_IRQHandler</a> from startup_stm32g473xx.o(.text) referenced from startup_stm32g473xx.o(RESET)
 <LI><a href="#[5d]">I2C3_EV_IRQHandler</a> from startup_stm32g473xx.o(.text) referenced from startup_stm32g473xx.o(RESET)
 <LI><a href="#[55]">I2C4_ER_IRQHandler</a> from startup_stm32g473xx.o(.text) referenced from startup_stm32g473xx.o(RESET)
 <LI><a href="#[54]">I2C4_EV_IRQHandler</a> from startup_stm32g473xx.o(.text) referenced from startup_stm32g473xx.o(RESET)
 <LI><a href="#[3b]">LPTIM1_IRQHandler</a> from startup_stm32g473xx.o(.text) referenced from startup_stm32g473xx.o(RESET)
 <LI><a href="#[5c]">LPUART1_IRQHandler</a> from startup_stm32g473xx.o(.text) referenced from startup_stm32g473xx.o(RESET)
 <LI><a href="#[3]">MemManage_Handler</a> from stm32g4xx_it.o(.text.MemManage_Handler) referenced from startup_stm32g473xx.o(RESET)
 <LI><a href="#[1]">NMI_Handler</a> from stm32g4xx_it.o(.text.NMI_Handler) referenced from startup_stm32g473xx.o(RESET)
 <LI><a href="#[b]">PVD_PVM_IRQHandler</a> from startup_stm32g473xx.o(.text) referenced from startup_stm32g473xx.o(RESET)
 <LI><a href="#[8]">PendSV_Handler</a> from stm32g4xx_it.o(.text.PendSV_Handler) referenced from startup_stm32g473xx.o(RESET)
 <LI><a href="#[60]">QUADSPI_IRQHandler</a> from startup_stm32g473xx.o(.text) referenced from startup_stm32g473xx.o(RESET)
 <LI><a href="#[f]">RCC_IRQHandler</a> from startup_stm32g473xx.o(.text) referenced from startup_stm32g473xx.o(RESET)
 <LI><a href="#[5b]">RNG_IRQHandler</a> from startup_stm32g473xx.o(.text) referenced from startup_stm32g473xx.o(RESET)
 <LI><a href="#[33]">RTC_Alarm_IRQHandler</a> from startup_stm32g473xx.o(.text) referenced from startup_stm32g473xx.o(RESET)
 <LI><a href="#[c]">RTC_TAMP_LSECSS_IRQHandler</a> from startup_stm32g473xx.o(.text) referenced from startup_stm32g473xx.o(RESET)
 <LI><a href="#[d]">RTC_WKUP_IRQHandler</a> from startup_stm32g473xx.o(.text) referenced from startup_stm32g473xx.o(RESET)
 <LI><a href="#[0]">Reset_Handler</a> from startup_stm32g473xx.o(.text) referenced from startup_stm32g473xx.o(RESET)
 <LI><a href="#[4e]">SAI1_IRQHandler</a> from startup_stm32g473xx.o(.text) referenced from startup_stm32g473xx.o(RESET)
 <LI><a href="#[2d]">SPI1_IRQHandler</a> from startup_stm32g473xx.o(.text) referenced from startup_stm32g473xx.o(RESET)
 <LI><a href="#[2e]">SPI2_IRQHandler</a> from startup_stm32g473xx.o(.text) referenced from startup_stm32g473xx.o(RESET)
 <LI><a href="#[3d]">SPI3_IRQHandler</a> from startup_stm32g473xx.o(.text) referenced from startup_stm32g473xx.o(RESET)
 <LI><a href="#[56]">SPI4_IRQHandler</a> from startup_stm32g473xx.o(.text) referenced from startup_stm32g473xx.o(RESET)
 <LI><a href="#[6]">SVC_Handler</a> from stm32g4xx_it.o(.text.SVC_Handler) referenced from startup_stm32g473xx.o(RESET)
 <LI><a href="#[9]">SysTick_Handler</a> from stm32g4xx_it.o(.text.SysTick_Handler) referenced from startup_stm32g473xx.o(RESET)
 <LI><a href="#[67]">SystemInit</a> from system_stm32g4xx.o(.text.SystemInit) referenced from startup_stm32g473xx.o(.text)
 <LI><a href="#[22]">TIM1_BRK_TIM15_IRQHandler</a> from startup_stm32g473xx.o(.text) referenced from startup_stm32g473xx.o(RESET)
 <LI><a href="#[25]">TIM1_CC_IRQHandler</a> from startup_stm32g473xx.o(.text) referenced from startup_stm32g473xx.o(RESET)
 <LI><a href="#[24]">TIM1_TRG_COM_TIM17_IRQHandler</a> from startup_stm32g473xx.o(.text) referenced from startup_stm32g473xx.o(RESET)
 <LI><a href="#[23]">TIM1_UP_TIM16_IRQHandler</a> from startup_stm32g473xx.o(.text) referenced from startup_stm32g473xx.o(RESET)
 <LI><a href="#[4f]">TIM20_BRK_IRQHandler</a> from startup_stm32g473xx.o(.text) referenced from startup_stm32g473xx.o(RESET)
 <LI><a href="#[52]">TIM20_CC_IRQHandler</a> from startup_stm32g473xx.o(.text) referenced from startup_stm32g473xx.o(RESET)
 <LI><a href="#[51]">TIM20_TRG_COM_IRQHandler</a> from startup_stm32g473xx.o(.text) referenced from startup_stm32g473xx.o(RESET)
 <LI><a href="#[50]">TIM20_UP_IRQHandler</a> from startup_stm32g473xx.o(.text) referenced from startup_stm32g473xx.o(RESET)
 <LI><a href="#[26]">TIM2_IRQHandler</a> from startup_stm32g473xx.o(.text) referenced from startup_stm32g473xx.o(RESET)
 <LI><a href="#[27]">TIM3_IRQHandler</a> from startup_stm32g473xx.o(.text) referenced from startup_stm32g473xx.o(RESET)
 <LI><a href="#[28]">TIM4_IRQHandler</a> from startup_stm32g473xx.o(.text) referenced from startup_stm32g473xx.o(RESET)
 <LI><a href="#[3c]">TIM5_IRQHandler</a> from startup_stm32g473xx.o(.text) referenced from startup_stm32g473xx.o(RESET)
 <LI><a href="#[40]">TIM6_DAC_IRQHandler</a> from startup_stm32g473xx.o(.text) referenced from startup_stm32g473xx.o(RESET)
 <LI><a href="#[41]">TIM7_DAC_IRQHandler</a> from startup_stm32g473xx.o(.text) referenced from startup_stm32g473xx.o(RESET)
 <LI><a href="#[35]">TIM8_BRK_IRQHandler</a> from startup_stm32g473xx.o(.text) referenced from startup_stm32g473xx.o(RESET)
 <LI><a href="#[38]">TIM8_CC_IRQHandler</a> from startup_stm32g473xx.o(.text) referenced from startup_stm32g473xx.o(RESET)
 <LI><a href="#[37]">TIM8_TRG_COM_IRQHandler</a> from startup_stm32g473xx.o(.text) referenced from startup_stm32g473xx.o(RESET)
 <LI><a href="#[36]">TIM8_UP_IRQHandler</a> from startup_stm32g473xx.o(.text) referenced from startup_stm32g473xx.o(RESET)
 <LI><a href="#[3e]">UART4_IRQHandler</a> from startup_stm32g473xx.o(.text) referenced from startup_stm32g473xx.o(RESET)
 <LI><a href="#[3f]">UART5_IRQHandler</a> from startup_stm32g473xx.o(.text) referenced from startup_stm32g473xx.o(RESET)
 <LI><a href="#[69]">UART_DMAAbortOnError</a> from stm32g4xx_hal_uart.o(.text.UART_DMAAbortOnError) referenced 2 times from stm32g4xx_hal_uart.o(.text.HAL_UART_IRQHandler)
 <LI><a href="#[49]">UCPD1_IRQHandler</a> from startup_stm32g473xx.o(.text) referenced from startup_stm32g473xx.o(RESET)
 <LI><a href="#[2f]">USART1_IRQHandler</a> from startup_stm32g473xx.o(.text) referenced from startup_stm32g473xx.o(RESET)
 <LI><a href="#[30]">USART2_IRQHandler</a> from stm32g4xx_it.o(.text.USART2_IRQHandler) referenced from startup_stm32g473xx.o(RESET)
 <LI><a href="#[31]">USART3_IRQHandler</a> from stm32g4xx_it.o(.text.USART3_IRQHandler) referenced from startup_stm32g473xx.o(RESET)
 <LI><a href="#[34]">USBWakeUp_IRQHandler</a> from startup_stm32g473xx.o(.text) referenced from startup_stm32g473xx.o(RESET)
 <LI><a href="#[1d]">USB_HP_IRQHandler</a> from startup_stm32g473xx.o(.text) referenced from startup_stm32g473xx.o(RESET)
 <LI><a href="#[1e]">USB_LP_IRQHandler</a> from startup_stm32g473xx.o(.text) referenced from startup_stm32g473xx.o(RESET)
 <LI><a href="#[5]">UsageFault_Handler</a> from stm32g4xx_it.o(.text.UsageFault_Handler) referenced from startup_stm32g473xx.o(RESET)
 <LI><a href="#[a]">WWDG_IRQHandler</a> from startup_stm32g473xx.o(.text) referenced from startup_stm32g473xx.o(RESET)
 <LI><a href="#[68]">__main</a> from __main.o(!!!main) referenced from startup_stm32g473xx.o(.text)
 <LI><a href="#[6a]">dji_motor_message_handler</a> from dji_motor.o(.text.dji_motor_message_handler) referenced 2 times from dji_motor.o(.text.dji_motor_configure)
</UL>
<P>
<H3>
Global Symbols
</H3>
<P><STRONG><a name="[68]"></a>__main</STRONG> (Thumb, 8 bytes, Stack size 0 bytes, __main.o(!!!main))
<BR><BR>[Calls]<UL><LI><a href="#[6b]">&gt;&gt;</a>&nbsp;&nbsp;&nbsp;__scatterload
<LI><a href="#[6c]">&gt;&gt;</a>&nbsp;&nbsp;&nbsp;__rt_entry
</UL>
<BR>[Address Reference Count : 1]<UL><LI> startup_stm32g473xx.o(.text)
</UL>
<P><STRONG><a name="[6b]"></a>__scatterload</STRONG> (Thumb, 0 bytes, Stack size unknown bytes, __scatter.o(!!!scatter))
<BR><BR>[Called By]<UL><LI><a href="#[68]">&gt;&gt;</a>&nbsp;&nbsp;&nbsp;__main
</UL>

<P><STRONG><a name="[6d]"></a>__scatterload_rt2</STRONG> (Thumb, 44 bytes, Stack size unknown bytes, __scatter.o(!!!scatter), UNUSED)
<BR><BR>[Calls]<UL><LI><a href="#[6c]">&gt;&gt;</a>&nbsp;&nbsp;&nbsp;__rt_entry
</UL>

<P><STRONG><a name="[ec]"></a>__scatterload_rt2_thumb_only</STRONG> (Thumb, 0 bytes, Stack size unknown bytes, __scatter.o(!!!scatter), UNUSED)

<P><STRONG><a name="[ed]"></a>__scatterload_null</STRONG> (Thumb, 0 bytes, Stack size unknown bytes, __scatter.o(!!!scatter), UNUSED)

<P><STRONG><a name="[6e]"></a>__scatterload_copy</STRONG> (Thumb, 26 bytes, Stack size unknown bytes, __scatter_copy.o(!!handler_copy), UNUSED)
<BR><BR>[Calls]<UL><LI><a href="#[6e]">&gt;&gt;</a>&nbsp;&nbsp;&nbsp;__scatterload_copy
</UL>
<BR>[Called By]<UL><LI><a href="#[6e]">&gt;&gt;</a>&nbsp;&nbsp;&nbsp;__scatterload_copy
</UL>

<P><STRONG><a name="[ee]"></a>__scatterload_zeroinit</STRONG> (Thumb, 28 bytes, Stack size unknown bytes, __scatter_zi.o(!!handler_zi), UNUSED)

<P><STRONG><a name="[74]"></a>__rt_lib_init</STRONG> (Thumb, 0 bytes, Stack size unknown bytes, libinit.o(.ARM.Collect$$libinit$$00000000))
<BR><BR>[Called By]<UL><LI><a href="#[73]">&gt;&gt;</a>&nbsp;&nbsp;&nbsp;__rt_entry_li
</UL>

<P><STRONG><a name="[6f]"></a>__rt_lib_init_fp_1</STRONG> (Thumb, 0 bytes, Stack size unknown bytes, libinit2.o(.ARM.Collect$$libinit$$00000001))
<BR><BR>[Calls]<UL><LI><a href="#[70]">&gt;&gt;</a>&nbsp;&nbsp;&nbsp;_fp_init
</UL>

<P><STRONG><a name="[ef]"></a>__rt_lib_init_alloca_1</STRONG> (Thumb, 0 bytes, Stack size unknown bytes, libinit2.o(.ARM.Collect$$libinit$$00000030))

<P><STRONG><a name="[f0]"></a>__rt_lib_init_argv_1</STRONG> (Thumb, 0 bytes, Stack size unknown bytes, libinit2.o(.ARM.Collect$$libinit$$0000002E))

<P><STRONG><a name="[f1]"></a>__rt_lib_init_atexit_1</STRONG> (Thumb, 0 bytes, Stack size unknown bytes, libinit2.o(.ARM.Collect$$libinit$$0000001D))

<P><STRONG><a name="[f2]"></a>__rt_lib_init_clock_1</STRONG> (Thumb, 0 bytes, Stack size unknown bytes, libinit2.o(.ARM.Collect$$libinit$$00000023))

<P><STRONG><a name="[f3]"></a>__rt_lib_init_cpp_1</STRONG> (Thumb, 0 bytes, Stack size unknown bytes, libinit2.o(.ARM.Collect$$libinit$$00000034))

<P><STRONG><a name="[f4]"></a>__rt_lib_init_exceptions_1</STRONG> (Thumb, 0 bytes, Stack size unknown bytes, libinit2.o(.ARM.Collect$$libinit$$00000032))

<P><STRONG><a name="[f5]"></a>__rt_lib_init_fp_trap_1</STRONG> (Thumb, 0 bytes, Stack size unknown bytes, libinit2.o(.ARM.Collect$$libinit$$00000021))

<P><STRONG><a name="[f6]"></a>__rt_lib_init_getenv_1</STRONG> (Thumb, 0 bytes, Stack size unknown bytes, libinit2.o(.ARM.Collect$$libinit$$00000025))

<P><STRONG><a name="[f7]"></a>__rt_lib_init_heap_1</STRONG> (Thumb, 0 bytes, Stack size unknown bytes, libinit2.o(.ARM.Collect$$libinit$$0000000C))

<P><STRONG><a name="[f8]"></a>__rt_lib_init_lc_collate_1</STRONG> (Thumb, 0 bytes, Stack size unknown bytes, libinit2.o(.ARM.Collect$$libinit$$00000013))

<P><STRONG><a name="[f9]"></a>__rt_lib_init_lc_ctype_1</STRONG> (Thumb, 0 bytes, Stack size unknown bytes, libinit2.o(.ARM.Collect$$libinit$$00000015))

<P><STRONG><a name="[fa]"></a>__rt_lib_init_lc_monetary_1</STRONG> (Thumb, 0 bytes, Stack size unknown bytes, libinit2.o(.ARM.Collect$$libinit$$00000017))

<P><STRONG><a name="[fb]"></a>__rt_lib_init_lc_numeric_1</STRONG> (Thumb, 0 bytes, Stack size unknown bytes, libinit2.o(.ARM.Collect$$libinit$$00000019))

<P><STRONG><a name="[fc]"></a>__rt_lib_init_lc_time_1</STRONG> (Thumb, 0 bytes, Stack size unknown bytes, libinit2.o(.ARM.Collect$$libinit$$0000001B))

<P><STRONG><a name="[fd]"></a>__rt_lib_init_preinit_1</STRONG> (Thumb, 0 bytes, Stack size unknown bytes, libinit2.o(.ARM.Collect$$libinit$$00000006))

<P><STRONG><a name="[fe]"></a>__rt_lib_init_rand_1</STRONG> (Thumb, 0 bytes, Stack size unknown bytes, libinit2.o(.ARM.Collect$$libinit$$00000010))

<P><STRONG><a name="[ff]"></a>__rt_lib_init_relocate_pie_1</STRONG> (Thumb, 0 bytes, Stack size unknown bytes, libinit2.o(.ARM.Collect$$libinit$$00000004))

<P><STRONG><a name="[100]"></a>__rt_lib_init_return</STRONG> (Thumb, 0 bytes, Stack size unknown bytes, libinit2.o(.ARM.Collect$$libinit$$00000035))

<P><STRONG><a name="[101]"></a>__rt_lib_init_signal_1</STRONG> (Thumb, 0 bytes, Stack size unknown bytes, libinit2.o(.ARM.Collect$$libinit$$0000001F))

<P><STRONG><a name="[102]"></a>__rt_lib_init_stdio_1</STRONG> (Thumb, 0 bytes, Stack size unknown bytes, libinit2.o(.ARM.Collect$$libinit$$00000027))

<P><STRONG><a name="[103]"></a>__rt_lib_init_user_alloc_1</STRONG> (Thumb, 0 bytes, Stack size unknown bytes, libinit2.o(.ARM.Collect$$libinit$$0000000E))

<P><STRONG><a name="[79]"></a>__rt_lib_shutdown</STRONG> (Thumb, 0 bytes, Stack size unknown bytes, libshutdown.o(.ARM.Collect$$libshutdown$$00000000))
<BR><BR>[Called By]<UL><LI><a href="#[78]">&gt;&gt;</a>&nbsp;&nbsp;&nbsp;__rt_exit_ls
</UL>

<P><STRONG><a name="[104]"></a>__rt_lib_shutdown_cpp_1</STRONG> (Thumb, 0 bytes, Stack size unknown bytes, libshutdown2.o(.ARM.Collect$$libshutdown$$00000002))

<P><STRONG><a name="[105]"></a>__rt_lib_shutdown_fp_trap_1</STRONG> (Thumb, 0 bytes, Stack size unknown bytes, libshutdown2.o(.ARM.Collect$$libshutdown$$00000007))

<P><STRONG><a name="[106]"></a>__rt_lib_shutdown_heap_1</STRONG> (Thumb, 0 bytes, Stack size unknown bytes, libshutdown2.o(.ARM.Collect$$libshutdown$$0000000F))

<P><STRONG><a name="[107]"></a>__rt_lib_shutdown_return</STRONG> (Thumb, 0 bytes, Stack size unknown bytes, libshutdown2.o(.ARM.Collect$$libshutdown$$00000010))

<P><STRONG><a name="[108]"></a>__rt_lib_shutdown_signal_1</STRONG> (Thumb, 0 bytes, Stack size unknown bytes, libshutdown2.o(.ARM.Collect$$libshutdown$$0000000A))

<P><STRONG><a name="[109]"></a>__rt_lib_shutdown_stdio_1</STRONG> (Thumb, 0 bytes, Stack size unknown bytes, libshutdown2.o(.ARM.Collect$$libshutdown$$00000004))

<P><STRONG><a name="[10a]"></a>__rt_lib_shutdown_user_alloc_1</STRONG> (Thumb, 0 bytes, Stack size unknown bytes, libshutdown2.o(.ARM.Collect$$libshutdown$$0000000C))

<P><STRONG><a name="[6c]"></a>__rt_entry</STRONG> (Thumb, 0 bytes, Stack size unknown bytes, __rtentry.o(.ARM.Collect$$rtentry$$00000000))
<BR><BR>[Called By]<UL><LI><a href="#[6d]">&gt;&gt;</a>&nbsp;&nbsp;&nbsp;__scatterload_rt2
<LI><a href="#[68]">&gt;&gt;</a>&nbsp;&nbsp;&nbsp;__main
</UL>

<P><STRONG><a name="[10b]"></a>__rt_entry_presh_1</STRONG> (Thumb, 0 bytes, Stack size unknown bytes, __rtentry2.o(.ARM.Collect$$rtentry$$00000002))

<P><STRONG><a name="[71]"></a>__rt_entry_sh</STRONG> (Thumb, 0 bytes, Stack size unknown bytes, __rtentry4.o(.ARM.Collect$$rtentry$$00000004))
<BR><BR>[Stack]<UL><LI>Max Depth = 8 + Unknown Stack Size
<LI>Call Chain = __rt_entry_sh &rArr; __user_setup_stackheap
</UL>
<BR>[Calls]<UL><LI><a href="#[72]">&gt;&gt;</a>&nbsp;&nbsp;&nbsp;__user_setup_stackheap
</UL>

<P><STRONG><a name="[73]"></a>__rt_entry_li</STRONG> (Thumb, 0 bytes, Stack size unknown bytes, __rtentry2.o(.ARM.Collect$$rtentry$$0000000A))
<BR><BR>[Calls]<UL><LI><a href="#[74]">&gt;&gt;</a>&nbsp;&nbsp;&nbsp;__rt_lib_init
</UL>

<P><STRONG><a name="[10c]"></a>__rt_entry_postsh_1</STRONG> (Thumb, 0 bytes, Stack size unknown bytes, __rtentry2.o(.ARM.Collect$$rtentry$$00000009))

<P><STRONG><a name="[75]"></a>__rt_entry_main</STRONG> (Thumb, 0 bytes, Stack size unknown bytes, __rtentry2.o(.ARM.Collect$$rtentry$$0000000D))
<BR><BR>[Stack]<UL><LI>Max Depth = 296 + Unknown Stack Size
<LI>Call Chain = __rt_entry_main &rArr; main &rArr; MX_FDCAN2_Init &rArr; HAL_FDCAN_Init &rArr; HAL_FDCAN_MspInit &rArr; HAL_NVIC_SetPriority &rArr; NVIC_EncodePriority
</UL>
<BR>[Calls]<UL><LI><a href="#[76]">&gt;&gt;</a>&nbsp;&nbsp;&nbsp;main
<LI><a href="#[77]">&gt;&gt;</a>&nbsp;&nbsp;&nbsp;exit
</UL>

<P><STRONG><a name="[10d]"></a>__rt_entry_postli_1</STRONG> (Thumb, 0 bytes, Stack size unknown bytes, __rtentry2.o(.ARM.Collect$$rtentry$$0000000C))

<P><STRONG><a name="[81]"></a>__rt_exit</STRONG> (Thumb, 0 bytes, Stack size unknown bytes, rtexit.o(.ARM.Collect$$rtexit$$00000000))
<BR><BR>[Called By]<UL><LI><a href="#[77]">&gt;&gt;</a>&nbsp;&nbsp;&nbsp;exit
</UL>

<P><STRONG><a name="[78]"></a>__rt_exit_ls</STRONG> (Thumb, 0 bytes, Stack size unknown bytes, rtexit2.o(.ARM.Collect$$rtexit$$00000003))
<BR><BR>[Calls]<UL><LI><a href="#[79]">&gt;&gt;</a>&nbsp;&nbsp;&nbsp;__rt_lib_shutdown
</UL>

<P><STRONG><a name="[10e]"></a>__rt_exit_prels_1</STRONG> (Thumb, 0 bytes, Stack size unknown bytes, rtexit2.o(.ARM.Collect$$rtexit$$00000002))

<P><STRONG><a name="[7a]"></a>__rt_exit_exit</STRONG> (Thumb, 0 bytes, Stack size unknown bytes, rtexit2.o(.ARM.Collect$$rtexit$$00000004))
<BR><BR>[Calls]<UL><LI><a href="#[7b]">&gt;&gt;</a>&nbsp;&nbsp;&nbsp;_sys_exit
</UL>

<P><STRONG><a name="[0]"></a>Reset_Handler</STRONG> (Thumb, 8 bytes, Stack size 0 bytes, startup_stm32g473xx.o(.text))
<BR>[Address Reference Count : 1]<UL><LI> startup_stm32g473xx.o(RESET)
</UL>
<P><STRONG><a name="[1c]"></a>ADC1_2_IRQHandler</STRONG> (Thumb, 0 bytes, Stack size 0 bytes, startup_stm32g473xx.o(.text))
<BR><BR>[Calls]<UL><LI><a href="#[1c]">&gt;&gt;</a>&nbsp;&nbsp;&nbsp;ADC1_2_IRQHandler
</UL>
<BR>[Called By]<UL><LI><a href="#[1c]">&gt;&gt;</a>&nbsp;&nbsp;&nbsp;ADC1_2_IRQHandler
</UL>
<BR>[Address Reference Count : 1]<UL><LI> startup_stm32g473xx.o(RESET)
</UL>
<P><STRONG><a name="[39]"></a>ADC3_IRQHandler</STRONG> (Thumb, 0 bytes, Stack size 0 bytes, startup_stm32g473xx.o(.text))
<BR>[Address Reference Count : 1]<UL><LI> startup_stm32g473xx.o(RESET)
</UL>
<P><STRONG><a name="[47]"></a>ADC4_IRQHandler</STRONG> (Thumb, 0 bytes, Stack size 0 bytes, startup_stm32g473xx.o(.text))
<BR>[Address Reference Count : 1]<UL><LI> startup_stm32g473xx.o(RESET)
</UL>
<P><STRONG><a name="[48]"></a>ADC5_IRQHandler</STRONG> (Thumb, 0 bytes, Stack size 0 bytes, startup_stm32g473xx.o(.text))
<BR>[Address Reference Count : 1]<UL><LI> startup_stm32g473xx.o(RESET)
</UL>
<P><STRONG><a name="[4a]"></a>COMP1_2_3_IRQHandler</STRONG> (Thumb, 0 bytes, Stack size 0 bytes, startup_stm32g473xx.o(.text))
<BR>[Address Reference Count : 1]<UL><LI> startup_stm32g473xx.o(RESET)
</UL>
<P><STRONG><a name="[4b]"></a>COMP4_5_6_IRQHandler</STRONG> (Thumb, 0 bytes, Stack size 0 bytes, startup_stm32g473xx.o(.text))
<BR>[Address Reference Count : 1]<UL><LI> startup_stm32g473xx.o(RESET)
</UL>
<P><STRONG><a name="[4c]"></a>COMP7_IRQHandler</STRONG> (Thumb, 0 bytes, Stack size 0 bytes, startup_stm32g473xx.o(.text))
<BR>[Address Reference Count : 1]<UL><LI> startup_stm32g473xx.o(RESET)
</UL>
<P><STRONG><a name="[65]"></a>CORDIC_IRQHandler</STRONG> (Thumb, 0 bytes, Stack size 0 bytes, startup_stm32g473xx.o(.text))
<BR>[Address Reference Count : 1]<UL><LI> startup_stm32g473xx.o(RESET)
</UL>
<P><STRONG><a name="[4d]"></a>CRS_IRQHandler</STRONG> (Thumb, 0 bytes, Stack size 0 bytes, startup_stm32g473xx.o(.text))
<BR>[Address Reference Count : 1]<UL><LI> startup_stm32g473xx.o(RESET)
</UL>
<P><STRONG><a name="[17]"></a>DMA1_Channel3_IRQHandler</STRONG> (Thumb, 0 bytes, Stack size 0 bytes, startup_stm32g473xx.o(.text))
<BR>[Address Reference Count : 1]<UL><LI> startup_stm32g473xx.o(RESET)
</UL>
<P><STRONG><a name="[18]"></a>DMA1_Channel4_IRQHandler</STRONG> (Thumb, 0 bytes, Stack size 0 bytes, startup_stm32g473xx.o(.text))
<BR>[Address Reference Count : 1]<UL><LI> startup_stm32g473xx.o(RESET)
</UL>
<P><STRONG><a name="[19]"></a>DMA1_Channel5_IRQHandler</STRONG> (Thumb, 0 bytes, Stack size 0 bytes, startup_stm32g473xx.o(.text))
<BR>[Address Reference Count : 1]<UL><LI> startup_stm32g473xx.o(RESET)
</UL>
<P><STRONG><a name="[1a]"></a>DMA1_Channel6_IRQHandler</STRONG> (Thumb, 0 bytes, Stack size 0 bytes, startup_stm32g473xx.o(.text))
<BR>[Address Reference Count : 1]<UL><LI> startup_stm32g473xx.o(RESET)
</UL>
<P><STRONG><a name="[1b]"></a>DMA1_Channel7_IRQHandler</STRONG> (Thumb, 0 bytes, Stack size 0 bytes, startup_stm32g473xx.o(.text))
<BR>[Address Reference Count : 1]<UL><LI> startup_stm32g473xx.o(RESET)
</UL>
<P><STRONG><a name="[61]"></a>DMA1_Channel8_IRQHandler</STRONG> (Thumb, 0 bytes, Stack size 0 bytes, startup_stm32g473xx.o(.text))
<BR>[Address Reference Count : 1]<UL><LI> startup_stm32g473xx.o(RESET)
</UL>
<P><STRONG><a name="[42]"></a>DMA2_Channel1_IRQHandler</STRONG> (Thumb, 0 bytes, Stack size 0 bytes, startup_stm32g473xx.o(.text))
<BR>[Address Reference Count : 1]<UL><LI> startup_stm32g473xx.o(RESET)
</UL>
<P><STRONG><a name="[43]"></a>DMA2_Channel2_IRQHandler</STRONG> (Thumb, 0 bytes, Stack size 0 bytes, startup_stm32g473xx.o(.text))
<BR>[Address Reference Count : 1]<UL><LI> startup_stm32g473xx.o(RESET)
</UL>
<P><STRONG><a name="[44]"></a>DMA2_Channel3_IRQHandler</STRONG> (Thumb, 0 bytes, Stack size 0 bytes, startup_stm32g473xx.o(.text))
<BR>[Address Reference Count : 1]<UL><LI> startup_stm32g473xx.o(RESET)
</UL>
<P><STRONG><a name="[45]"></a>DMA2_Channel4_IRQHandler</STRONG> (Thumb, 0 bytes, Stack size 0 bytes, startup_stm32g473xx.o(.text))
<BR>[Address Reference Count : 1]<UL><LI> startup_stm32g473xx.o(RESET)
</UL>
<P><STRONG><a name="[46]"></a>DMA2_Channel5_IRQHandler</STRONG> (Thumb, 0 bytes, Stack size 0 bytes, startup_stm32g473xx.o(.text))
<BR>[Address Reference Count : 1]<UL><LI> startup_stm32g473xx.o(RESET)
</UL>
<P><STRONG><a name="[62]"></a>DMA2_Channel6_IRQHandler</STRONG> (Thumb, 0 bytes, Stack size 0 bytes, startup_stm32g473xx.o(.text))
<BR>[Address Reference Count : 1]<UL><LI> startup_stm32g473xx.o(RESET)
</UL>
<P><STRONG><a name="[63]"></a>DMA2_Channel7_IRQHandler</STRONG> (Thumb, 0 bytes, Stack size 0 bytes, startup_stm32g473xx.o(.text))
<BR>[Address Reference Count : 1]<UL><LI> startup_stm32g473xx.o(RESET)
</UL>
<P><STRONG><a name="[64]"></a>DMA2_Channel8_IRQHandler</STRONG> (Thumb, 0 bytes, Stack size 0 bytes, startup_stm32g473xx.o(.text))
<BR>[Address Reference Count : 1]<UL><LI> startup_stm32g473xx.o(RESET)
</UL>
<P><STRONG><a name="[5f]"></a>DMAMUX_OVR_IRQHandler</STRONG> (Thumb, 0 bytes, Stack size 0 bytes, startup_stm32g473xx.o(.text))
<BR>[Address Reference Count : 1]<UL><LI> startup_stm32g473xx.o(RESET)
</UL>
<P><STRONG><a name="[10]"></a>EXTI0_IRQHandler</STRONG> (Thumb, 0 bytes, Stack size 0 bytes, startup_stm32g473xx.o(.text))
<BR>[Address Reference Count : 1]<UL><LI> startup_stm32g473xx.o(RESET)
</UL>
<P><STRONG><a name="[32]"></a>EXTI15_10_IRQHandler</STRONG> (Thumb, 0 bytes, Stack size 0 bytes, startup_stm32g473xx.o(.text))
<BR>[Address Reference Count : 1]<UL><LI> startup_stm32g473xx.o(RESET)
</UL>
<P><STRONG><a name="[11]"></a>EXTI1_IRQHandler</STRONG> (Thumb, 0 bytes, Stack size 0 bytes, startup_stm32g473xx.o(.text))
<BR>[Address Reference Count : 1]<UL><LI> startup_stm32g473xx.o(RESET)
</UL>
<P><STRONG><a name="[12]"></a>EXTI2_IRQHandler</STRONG> (Thumb, 0 bytes, Stack size 0 bytes, startup_stm32g473xx.o(.text))
<BR>[Address Reference Count : 1]<UL><LI> startup_stm32g473xx.o(RESET)
</UL>
<P><STRONG><a name="[13]"></a>EXTI3_IRQHandler</STRONG> (Thumb, 0 bytes, Stack size 0 bytes, startup_stm32g473xx.o(.text))
<BR>[Address Reference Count : 1]<UL><LI> startup_stm32g473xx.o(RESET)
</UL>
<P><STRONG><a name="[14]"></a>EXTI4_IRQHandler</STRONG> (Thumb, 0 bytes, Stack size 0 bytes, startup_stm32g473xx.o(.text))
<BR>[Address Reference Count : 1]<UL><LI> startup_stm32g473xx.o(RESET)
</UL>
<P><STRONG><a name="[21]"></a>EXTI9_5_IRQHandler</STRONG> (Thumb, 0 bytes, Stack size 0 bytes, startup_stm32g473xx.o(.text))
<BR>[Address Reference Count : 1]<UL><LI> startup_stm32g473xx.o(RESET)
</UL>
<P><STRONG><a name="[59]"></a>FDCAN3_IT0_IRQHandler</STRONG> (Thumb, 0 bytes, Stack size 0 bytes, startup_stm32g473xx.o(.text))
<BR>[Address Reference Count : 1]<UL><LI> startup_stm32g473xx.o(RESET)
</UL>
<P><STRONG><a name="[5a]"></a>FDCAN3_IT1_IRQHandler</STRONG> (Thumb, 0 bytes, Stack size 0 bytes, startup_stm32g473xx.o(.text))
<BR>[Address Reference Count : 1]<UL><LI> startup_stm32g473xx.o(RESET)
</UL>
<P><STRONG><a name="[e]"></a>FLASH_IRQHandler</STRONG> (Thumb, 0 bytes, Stack size 0 bytes, startup_stm32g473xx.o(.text))
<BR>[Address Reference Count : 1]<UL><LI> startup_stm32g473xx.o(RESET)
</UL>
<P><STRONG><a name="[66]"></a>FMAC_IRQHandler</STRONG> (Thumb, 0 bytes, Stack size 0 bytes, startup_stm32g473xx.o(.text))
<BR>[Address Reference Count : 1]<UL><LI> startup_stm32g473xx.o(RESET)
</UL>
<P><STRONG><a name="[3a]"></a>FMC_IRQHandler</STRONG> (Thumb, 0 bytes, Stack size 0 bytes, startup_stm32g473xx.o(.text))
<BR>[Address Reference Count : 1]<UL><LI> startup_stm32g473xx.o(RESET)
</UL>
<P><STRONG><a name="[53]"></a>FPU_IRQHandler</STRONG> (Thumb, 0 bytes, Stack size 0 bytes, startup_stm32g473xx.o(.text))
<BR>[Address Reference Count : 1]<UL><LI> startup_stm32g473xx.o(RESET)
</UL>
<P><STRONG><a name="[2a]"></a>I2C1_ER_IRQHandler</STRONG> (Thumb, 0 bytes, Stack size 0 bytes, startup_stm32g473xx.o(.text))
<BR>[Address Reference Count : 1]<UL><LI> startup_stm32g473xx.o(RESET)
</UL>
<P><STRONG><a name="[29]"></a>I2C1_EV_IRQHandler</STRONG> (Thumb, 0 bytes, Stack size 0 bytes, startup_stm32g473xx.o(.text))
<BR>[Address Reference Count : 1]<UL><LI> startup_stm32g473xx.o(RESET)
</UL>
<P><STRONG><a name="[2c]"></a>I2C2_ER_IRQHandler</STRONG> (Thumb, 0 bytes, Stack size 0 bytes, startup_stm32g473xx.o(.text))
<BR>[Address Reference Count : 1]<UL><LI> startup_stm32g473xx.o(RESET)
</UL>
<P><STRONG><a name="[2b]"></a>I2C2_EV_IRQHandler</STRONG> (Thumb, 0 bytes, Stack size 0 bytes, startup_stm32g473xx.o(.text))
<BR>[Address Reference Count : 1]<UL><LI> startup_stm32g473xx.o(RESET)
</UL>
<P><STRONG><a name="[5e]"></a>I2C3_ER_IRQHandler</STRONG> (Thumb, 0 bytes, Stack size 0 bytes, startup_stm32g473xx.o(.text))
<BR>[Address Reference Count : 1]<UL><LI> startup_stm32g473xx.o(RESET)
</UL>
<P><STRONG><a name="[5d]"></a>I2C3_EV_IRQHandler</STRONG> (Thumb, 0 bytes, Stack size 0 bytes, startup_stm32g473xx.o(.text))
<BR>[Address Reference Count : 1]<UL><LI> startup_stm32g473xx.o(RESET)
</UL>
<P><STRONG><a name="[55]"></a>I2C4_ER_IRQHandler</STRONG> (Thumb, 0 bytes, Stack size 0 bytes, startup_stm32g473xx.o(.text))
<BR>[Address Reference Count : 1]<UL><LI> startup_stm32g473xx.o(RESET)
</UL>
<P><STRONG><a name="[54]"></a>I2C4_EV_IRQHandler</STRONG> (Thumb, 0 bytes, Stack size 0 bytes, startup_stm32g473xx.o(.text))
<BR>[Address Reference Count : 1]<UL><LI> startup_stm32g473xx.o(RESET)
</UL>
<P><STRONG><a name="[3b]"></a>LPTIM1_IRQHandler</STRONG> (Thumb, 0 bytes, Stack size 0 bytes, startup_stm32g473xx.o(.text))
<BR>[Address Reference Count : 1]<UL><LI> startup_stm32g473xx.o(RESET)
</UL>
<P><STRONG><a name="[5c]"></a>LPUART1_IRQHandler</STRONG> (Thumb, 0 bytes, Stack size 0 bytes, startup_stm32g473xx.o(.text))
<BR>[Address Reference Count : 1]<UL><LI> startup_stm32g473xx.o(RESET)
</UL>
<P><STRONG><a name="[b]"></a>PVD_PVM_IRQHandler</STRONG> (Thumb, 0 bytes, Stack size 0 bytes, startup_stm32g473xx.o(.text))
<BR>[Address Reference Count : 1]<UL><LI> startup_stm32g473xx.o(RESET)
</UL>
<P><STRONG><a name="[60]"></a>QUADSPI_IRQHandler</STRONG> (Thumb, 0 bytes, Stack size 0 bytes, startup_stm32g473xx.o(.text))
<BR>[Address Reference Count : 1]<UL><LI> startup_stm32g473xx.o(RESET)
</UL>
<P><STRONG><a name="[f]"></a>RCC_IRQHandler</STRONG> (Thumb, 0 bytes, Stack size 0 bytes, startup_stm32g473xx.o(.text))
<BR>[Address Reference Count : 1]<UL><LI> startup_stm32g473xx.o(RESET)
</UL>
<P><STRONG><a name="[5b]"></a>RNG_IRQHandler</STRONG> (Thumb, 0 bytes, Stack size 0 bytes, startup_stm32g473xx.o(.text))
<BR>[Address Reference Count : 1]<UL><LI> startup_stm32g473xx.o(RESET)
</UL>
<P><STRONG><a name="[33]"></a>RTC_Alarm_IRQHandler</STRONG> (Thumb, 0 bytes, Stack size 0 bytes, startup_stm32g473xx.o(.text))
<BR>[Address Reference Count : 1]<UL><LI> startup_stm32g473xx.o(RESET)
</UL>
<P><STRONG><a name="[c]"></a>RTC_TAMP_LSECSS_IRQHandler</STRONG> (Thumb, 0 bytes, Stack size 0 bytes, startup_stm32g473xx.o(.text))
<BR>[Address Reference Count : 1]<UL><LI> startup_stm32g473xx.o(RESET)
</UL>
<P><STRONG><a name="[d]"></a>RTC_WKUP_IRQHandler</STRONG> (Thumb, 0 bytes, Stack size 0 bytes, startup_stm32g473xx.o(.text))
<BR>[Address Reference Count : 1]<UL><LI> startup_stm32g473xx.o(RESET)
</UL>
<P><STRONG><a name="[4e]"></a>SAI1_IRQHandler</STRONG> (Thumb, 0 bytes, Stack size 0 bytes, startup_stm32g473xx.o(.text))
<BR>[Address Reference Count : 1]<UL><LI> startup_stm32g473xx.o(RESET)
</UL>
<P><STRONG><a name="[2d]"></a>SPI1_IRQHandler</STRONG> (Thumb, 0 bytes, Stack size 0 bytes, startup_stm32g473xx.o(.text))
<BR>[Address Reference Count : 1]<UL><LI> startup_stm32g473xx.o(RESET)
</UL>
<P><STRONG><a name="[2e]"></a>SPI2_IRQHandler</STRONG> (Thumb, 0 bytes, Stack size 0 bytes, startup_stm32g473xx.o(.text))
<BR>[Address Reference Count : 1]<UL><LI> startup_stm32g473xx.o(RESET)
</UL>
<P><STRONG><a name="[3d]"></a>SPI3_IRQHandler</STRONG> (Thumb, 0 bytes, Stack size 0 bytes, startup_stm32g473xx.o(.text))
<BR>[Address Reference Count : 1]<UL><LI> startup_stm32g473xx.o(RESET)
</UL>
<P><STRONG><a name="[56]"></a>SPI4_IRQHandler</STRONG> (Thumb, 0 bytes, Stack size 0 bytes, startup_stm32g473xx.o(.text))
<BR>[Address Reference Count : 1]<UL><LI> startup_stm32g473xx.o(RESET)
</UL>
<P><STRONG><a name="[22]"></a>TIM1_BRK_TIM15_IRQHandler</STRONG> (Thumb, 0 bytes, Stack size 0 bytes, startup_stm32g473xx.o(.text))
<BR>[Address Reference Count : 1]<UL><LI> startup_stm32g473xx.o(RESET)
</UL>
<P><STRONG><a name="[25]"></a>TIM1_CC_IRQHandler</STRONG> (Thumb, 0 bytes, Stack size 0 bytes, startup_stm32g473xx.o(.text))
<BR>[Address Reference Count : 1]<UL><LI> startup_stm32g473xx.o(RESET)
</UL>
<P><STRONG><a name="[24]"></a>TIM1_TRG_COM_TIM17_IRQHandler</STRONG> (Thumb, 0 bytes, Stack size 0 bytes, startup_stm32g473xx.o(.text))
<BR>[Address Reference Count : 1]<UL><LI> startup_stm32g473xx.o(RESET)
</UL>
<P><STRONG><a name="[23]"></a>TIM1_UP_TIM16_IRQHandler</STRONG> (Thumb, 0 bytes, Stack size 0 bytes, startup_stm32g473xx.o(.text))
<BR>[Address Reference Count : 1]<UL><LI> startup_stm32g473xx.o(RESET)
</UL>
<P><STRONG><a name="[4f]"></a>TIM20_BRK_IRQHandler</STRONG> (Thumb, 0 bytes, Stack size 0 bytes, startup_stm32g473xx.o(.text))
<BR>[Address Reference Count : 1]<UL><LI> startup_stm32g473xx.o(RESET)
</UL>
<P><STRONG><a name="[52]"></a>TIM20_CC_IRQHandler</STRONG> (Thumb, 0 bytes, Stack size 0 bytes, startup_stm32g473xx.o(.text))
<BR>[Address Reference Count : 1]<UL><LI> startup_stm32g473xx.o(RESET)
</UL>
<P><STRONG><a name="[51]"></a>TIM20_TRG_COM_IRQHandler</STRONG> (Thumb, 0 bytes, Stack size 0 bytes, startup_stm32g473xx.o(.text))
<BR>[Address Reference Count : 1]<UL><LI> startup_stm32g473xx.o(RESET)
</UL>
<P><STRONG><a name="[50]"></a>TIM20_UP_IRQHandler</STRONG> (Thumb, 0 bytes, Stack size 0 bytes, startup_stm32g473xx.o(.text))
<BR>[Address Reference Count : 1]<UL><LI> startup_stm32g473xx.o(RESET)
</UL>
<P><STRONG><a name="[26]"></a>TIM2_IRQHandler</STRONG> (Thumb, 0 bytes, Stack size 0 bytes, startup_stm32g473xx.o(.text))
<BR>[Address Reference Count : 1]<UL><LI> startup_stm32g473xx.o(RESET)
</UL>
<P><STRONG><a name="[27]"></a>TIM3_IRQHandler</STRONG> (Thumb, 0 bytes, Stack size 0 bytes, startup_stm32g473xx.o(.text))
<BR>[Address Reference Count : 1]<UL><LI> startup_stm32g473xx.o(RESET)
</UL>
<P><STRONG><a name="[28]"></a>TIM4_IRQHandler</STRONG> (Thumb, 0 bytes, Stack size 0 bytes, startup_stm32g473xx.o(.text))
<BR>[Address Reference Count : 1]<UL><LI> startup_stm32g473xx.o(RESET)
</UL>
<P><STRONG><a name="[3c]"></a>TIM5_IRQHandler</STRONG> (Thumb, 0 bytes, Stack size 0 bytes, startup_stm32g473xx.o(.text))
<BR>[Address Reference Count : 1]<UL><LI> startup_stm32g473xx.o(RESET)
</UL>
<P><STRONG><a name="[40]"></a>TIM6_DAC_IRQHandler</STRONG> (Thumb, 0 bytes, Stack size 0 bytes, startup_stm32g473xx.o(.text))
<BR>[Address Reference Count : 1]<UL><LI> startup_stm32g473xx.o(RESET)
</UL>
<P><STRONG><a name="[41]"></a>TIM7_DAC_IRQHandler</STRONG> (Thumb, 0 bytes, Stack size 0 bytes, startup_stm32g473xx.o(.text))
<BR>[Address Reference Count : 1]<UL><LI> startup_stm32g473xx.o(RESET)
</UL>
<P><STRONG><a name="[35]"></a>TIM8_BRK_IRQHandler</STRONG> (Thumb, 0 bytes, Stack size 0 bytes, startup_stm32g473xx.o(.text))
<BR>[Address Reference Count : 1]<UL><LI> startup_stm32g473xx.o(RESET)
</UL>
<P><STRONG><a name="[38]"></a>TIM8_CC_IRQHandler</STRONG> (Thumb, 0 bytes, Stack size 0 bytes, startup_stm32g473xx.o(.text))
<BR>[Address Reference Count : 1]<UL><LI> startup_stm32g473xx.o(RESET)
</UL>
<P><STRONG><a name="[37]"></a>TIM8_TRG_COM_IRQHandler</STRONG> (Thumb, 0 bytes, Stack size 0 bytes, startup_stm32g473xx.o(.text))
<BR>[Address Reference Count : 1]<UL><LI> startup_stm32g473xx.o(RESET)
</UL>
<P><STRONG><a name="[36]"></a>TIM8_UP_IRQHandler</STRONG> (Thumb, 0 bytes, Stack size 0 bytes, startup_stm32g473xx.o(.text))
<BR>[Address Reference Count : 1]<UL><LI> startup_stm32g473xx.o(RESET)
</UL>
<P><STRONG><a name="[3e]"></a>UART4_IRQHandler</STRONG> (Thumb, 0 bytes, Stack size 0 bytes, startup_stm32g473xx.o(.text))
<BR>[Address Reference Count : 1]<UL><LI> startup_stm32g473xx.o(RESET)
</UL>
<P><STRONG><a name="[3f]"></a>UART5_IRQHandler</STRONG> (Thumb, 0 bytes, Stack size 0 bytes, startup_stm32g473xx.o(.text))
<BR>[Address Reference Count : 1]<UL><LI> startup_stm32g473xx.o(RESET)
</UL>
<P><STRONG><a name="[49]"></a>UCPD1_IRQHandler</STRONG> (Thumb, 0 bytes, Stack size 0 bytes, startup_stm32g473xx.o(.text))
<BR>[Address Reference Count : 1]<UL><LI> startup_stm32g473xx.o(RESET)
</UL>
<P><STRONG><a name="[2f]"></a>USART1_IRQHandler</STRONG> (Thumb, 0 bytes, Stack size 0 bytes, startup_stm32g473xx.o(.text))
<BR>[Address Reference Count : 1]<UL><LI> startup_stm32g473xx.o(RESET)
</UL>
<P><STRONG><a name="[34]"></a>USBWakeUp_IRQHandler</STRONG> (Thumb, 0 bytes, Stack size 0 bytes, startup_stm32g473xx.o(.text))
<BR>[Address Reference Count : 1]<UL><LI> startup_stm32g473xx.o(RESET)
</UL>
<P><STRONG><a name="[1d]"></a>USB_HP_IRQHandler</STRONG> (Thumb, 0 bytes, Stack size 0 bytes, startup_stm32g473xx.o(.text))
<BR>[Address Reference Count : 1]<UL><LI> startup_stm32g473xx.o(RESET)
</UL>
<P><STRONG><a name="[1e]"></a>USB_LP_IRQHandler</STRONG> (Thumb, 0 bytes, Stack size 0 bytes, startup_stm32g473xx.o(.text))
<BR>[Address Reference Count : 1]<UL><LI> startup_stm32g473xx.o(RESET)
</UL>
<P><STRONG><a name="[a]"></a>WWDG_IRQHandler</STRONG> (Thumb, 0 bytes, Stack size 0 bytes, startup_stm32g473xx.o(.text))
<BR>[Address Reference Count : 1]<UL><LI> startup_stm32g473xx.o(RESET)
</UL>
<P><STRONG><a name="[80]"></a>__user_initial_stackheap</STRONG> (Thumb, 0 bytes, Stack size unknown bytes, startup_stm32g473xx.o(.text))
<BR><BR>[Called By]<UL><LI><a href="#[72]">&gt;&gt;</a>&nbsp;&nbsp;&nbsp;__user_setup_stackheap
</UL>

<P><STRONG><a name="[d2]"></a>__aeabi_uldivmod</STRONG> (Thumb, 0 bytes, Stack size 48 bytes, lludivv7m.o(.text))
<BR><BR>[Stack]<UL><LI>Max Depth = 48<LI>Call Chain = __aeabi_uldivmod
</UL>
<BR>[Called By]<UL><LI><a href="#[c3]">&gt;&gt;</a>&nbsp;&nbsp;&nbsp;UART_SetConfig
</UL>

<P><STRONG><a name="[10f]"></a>_ll_udiv</STRONG> (Thumb, 240 bytes, Stack size 48 bytes, lludivv7m.o(.text), UNUSED)

<P><STRONG><a name="[99]"></a>__aeabi_memclr4</STRONG> (Thumb, 0 bytes, Stack size unknown bytes, rt_memclr_w.o(.text))
<BR><BR>[Called By]<UL><LI><a href="#[c1]">&gt;&gt;</a>&nbsp;&nbsp;&nbsp;HAL_UART_MspInit
<LI><a href="#[97]">&gt;&gt;</a>&nbsp;&nbsp;&nbsp;HAL_FDCAN_MspInit
<LI><a href="#[ce]">&gt;&gt;</a>&nbsp;&nbsp;&nbsp;SystemClock_Config
</UL>

<P><STRONG><a name="[110]"></a>__aeabi_memclr8</STRONG> (Thumb, 0 bytes, Stack size unknown bytes, rt_memclr_w.o(.text), UNUSED)

<P><STRONG><a name="[111]"></a>__rt_memclr_w</STRONG> (Thumb, 0 bytes, Stack size unknown bytes, rt_memclr_w.o(.text), UNUSED)

<P><STRONG><a name="[112]"></a>_memset_w</STRONG> (Thumb, 74 bytes, Stack size 4 bytes, rt_memclr_w.o(.text), UNUSED)

<P><STRONG><a name="[113]"></a>__use_two_region_memory</STRONG> (Thumb, 2 bytes, Stack size 0 bytes, heapauxi.o(.text), UNUSED)

<P><STRONG><a name="[114]"></a>__rt_heap_escrow$2region</STRONG> (Thumb, 2 bytes, Stack size 0 bytes, heapauxi.o(.text), UNUSED)

<P><STRONG><a name="[115]"></a>__rt_heap_expand$2region</STRONG> (Thumb, 2 bytes, Stack size 0 bytes, heapauxi.o(.text), UNUSED)

<P><STRONG><a name="[7c]"></a>__read_errno</STRONG> (Thumb, 10 bytes, Stack size 8 bytes, _rserrno.o(.text), UNUSED)
<BR><BR>[Calls]<UL><LI><a href="#[7d]">&gt;&gt;</a>&nbsp;&nbsp;&nbsp;__aeabi_errno_addr
</UL>

<P><STRONG><a name="[7e]"></a>__set_errno</STRONG> (Thumb, 12 bytes, Stack size 8 bytes, _rserrno.o(.text))
<BR><BR>[Stack]<UL><LI>Max Depth = 8<LI>Call Chain = __set_errno
</UL>
<BR>[Calls]<UL><LI><a href="#[7d]">&gt;&gt;</a>&nbsp;&nbsp;&nbsp;__aeabi_errno_addr
</UL>
<BR>[Called By]<UL><LI><a href="#[ea]">&gt;&gt;</a>&nbsp;&nbsp;&nbsp;__hardfp_sqrtf
</UL>

<P><STRONG><a name="[7d]"></a>__aeabi_errno_addr</STRONG> (Thumb, 8 bytes, Stack size 0 bytes, rt_errno_addr_intlibspace.o(.text))
<BR><BR>[Called By]<UL><LI><a href="#[7e]">&gt;&gt;</a>&nbsp;&nbsp;&nbsp;__set_errno
<LI><a href="#[7c]">&gt;&gt;</a>&nbsp;&nbsp;&nbsp;__read_errno
</UL>

<P><STRONG><a name="[116]"></a>__errno$intlibspace</STRONG> (Thumb, 0 bytes, Stack size 0 bytes, rt_errno_addr_intlibspace.o(.text), UNUSED)

<P><STRONG><a name="[117]"></a>__rt_errno_addr$intlibspace</STRONG> (Thumb, 0 bytes, Stack size 0 bytes, rt_errno_addr_intlibspace.o(.text), UNUSED)

<P><STRONG><a name="[118]"></a>__user_libspace</STRONG> (Thumb, 8 bytes, Stack size 0 bytes, libspace.o(.text), UNUSED)

<P><STRONG><a name="[7f]"></a>__user_perproc_libspace</STRONG> (Thumb, 0 bytes, Stack size 0 bytes, libspace.o(.text))
<BR><BR>[Called By]<UL><LI><a href="#[72]">&gt;&gt;</a>&nbsp;&nbsp;&nbsp;__user_setup_stackheap
</UL>

<P><STRONG><a name="[119]"></a>__user_perthread_libspace</STRONG> (Thumb, 0 bytes, Stack size 0 bytes, libspace.o(.text), UNUSED)

<P><STRONG><a name="[72]"></a>__user_setup_stackheap</STRONG> (Thumb, 74 bytes, Stack size 8 bytes, sys_stackheap_outer.o(.text))
<BR><BR>[Stack]<UL><LI>Max Depth = 8 + Unknown Stack Size
<LI>Call Chain = __user_setup_stackheap
</UL>
<BR>[Calls]<UL><LI><a href="#[80]">&gt;&gt;</a>&nbsp;&nbsp;&nbsp;__user_initial_stackheap
<LI><a href="#[7f]">&gt;&gt;</a>&nbsp;&nbsp;&nbsp;__user_perproc_libspace
</UL>
<BR>[Called By]<UL><LI><a href="#[71]">&gt;&gt;</a>&nbsp;&nbsp;&nbsp;__rt_entry_sh
</UL>

<P><STRONG><a name="[77]"></a>exit</STRONG> (Thumb, 18 bytes, Stack size 8 bytes, exit.o(.text))
<BR><BR>[Stack]<UL><LI>Max Depth = 8 + Unknown Stack Size
<LI>Call Chain = exit
</UL>
<BR>[Calls]<UL><LI><a href="#[81]">&gt;&gt;</a>&nbsp;&nbsp;&nbsp;__rt_exit
</UL>
<BR>[Called By]<UL><LI><a href="#[75]">&gt;&gt;</a>&nbsp;&nbsp;&nbsp;__rt_entry_main
</UL>

<P><STRONG><a name="[7b]"></a>_sys_exit</STRONG> (Thumb, 8 bytes, Stack size 0 bytes, sys_exit.o(.text))
<BR><BR>[Called By]<UL><LI><a href="#[7a]">&gt;&gt;</a>&nbsp;&nbsp;&nbsp;__rt_exit_exit
</UL>

<P><STRONG><a name="[11a]"></a>__I$use$semihosting</STRONG> (Thumb, 0 bytes, Stack size 0 bytes, use_no_semi.o(.text), UNUSED)

<P><STRONG><a name="[11b]"></a>__use_no_semihosting_swi</STRONG> (Thumb, 2 bytes, Stack size 0 bytes, use_no_semi.o(.text), UNUSED)

<P><STRONG><a name="[11c]"></a>__semihosting_library_function</STRONG> (Thumb, 0 bytes, Stack size unknown bytes, indicate_semi.o(.text), UNUSED)

<P><STRONG><a name="[4]"></a>BusFault_Handler</STRONG> (Thumb, 4 bytes, Stack size 0 bytes, stm32g4xx_it.o(.text.BusFault_Handler))
<BR>[Address Reference Count : 1]<UL><LI> startup_stm32g473xx.o(RESET)
</UL>
<P><STRONG><a name="[15]"></a>DMA1_Channel1_IRQHandler</STRONG> (Thumb, 16 bytes, Stack size 8 bytes, stm32g4xx_it.o(.text.DMA1_Channel1_IRQHandler))
<BR><BR>[Stack]<UL><LI>Max Depth = 32<LI>Call Chain = DMA1_Channel1_IRQHandler &rArr; HAL_DMA_IRQHandler
</UL>
<BR>[Calls]<UL><LI><a href="#[82]">&gt;&gt;</a>&nbsp;&nbsp;&nbsp;HAL_DMA_IRQHandler
</UL>
<BR>[Address Reference Count : 1]<UL><LI> startup_stm32g473xx.o(RESET)
</UL>
<P><STRONG><a name="[16]"></a>DMA1_Channel2_IRQHandler</STRONG> (Thumb, 16 bytes, Stack size 8 bytes, stm32g4xx_it.o(.text.DMA1_Channel2_IRQHandler))
<BR><BR>[Stack]<UL><LI>Max Depth = 32<LI>Call Chain = DMA1_Channel2_IRQHandler &rArr; HAL_DMA_IRQHandler
</UL>
<BR>[Calls]<UL><LI><a href="#[82]">&gt;&gt;</a>&nbsp;&nbsp;&nbsp;HAL_DMA_IRQHandler
</UL>
<BR>[Address Reference Count : 1]<UL><LI> startup_stm32g473xx.o(RESET)
</UL>
<P><STRONG><a name="[7]"></a>DebugMon_Handler</STRONG> (Thumb, 2 bytes, Stack size 0 bytes, stm32g4xx_it.o(.text.DebugMon_Handler))
<BR>[Address Reference Count : 1]<UL><LI> startup_stm32g473xx.o(RESET)
</UL>
<P><STRONG><a name="[9b]"></a>Error_Handler</STRONG> (Thumb, 14 bytes, Stack size 4 bytes, main.o(.text.Error_Handler))
<BR><BR>[Stack]<UL><LI>Max Depth = 4<LI>Call Chain = Error_Handler
</UL>
<BR>[Called By]<UL><LI><a href="#[c1]">&gt;&gt;</a>&nbsp;&nbsp;&nbsp;HAL_UART_MspInit
<LI><a href="#[97]">&gt;&gt;</a>&nbsp;&nbsp;&nbsp;HAL_FDCAN_MspInit
<LI><a href="#[cc]">&gt;&gt;</a>&nbsp;&nbsp;&nbsp;MX_USART3_UART_Init
<LI><a href="#[ca]">&gt;&gt;</a>&nbsp;&nbsp;&nbsp;MX_USART2_UART_Init
<LI><a href="#[c7]">&gt;&gt;</a>&nbsp;&nbsp;&nbsp;MX_FDCAN2_Init
<LI><a href="#[c6]">&gt;&gt;</a>&nbsp;&nbsp;&nbsp;MX_FDCAN1_Init
<LI><a href="#[ce]">&gt;&gt;</a>&nbsp;&nbsp;&nbsp;SystemClock_Config
</UL>

<P><STRONG><a name="[1f]"></a>FDCAN1_IT0_IRQHandler</STRONG> (Thumb, 16 bytes, Stack size 8 bytes, stm32g4xx_it.o(.text.FDCAN1_IT0_IRQHandler))
<BR><BR>[Stack]<UL><LI>Max Depth = 240<LI>Call Chain = FDCAN1_IT0_IRQHandler &rArr; HAL_FDCAN_IRQHandler &rArr; HAL_FDCAN_RxFifo1Callback &rArr; fdcan_dispatch_router &rArr; HAL_FDCAN_GetRxMessage
</UL>
<BR>[Calls]<UL><LI><a href="#[83]">&gt;&gt;</a>&nbsp;&nbsp;&nbsp;HAL_FDCAN_IRQHandler
</UL>
<BR>[Address Reference Count : 1]<UL><LI> startup_stm32g473xx.o(RESET)
</UL>
<P><STRONG><a name="[20]"></a>FDCAN1_IT1_IRQHandler</STRONG> (Thumb, 16 bytes, Stack size 8 bytes, stm32g4xx_it.o(.text.FDCAN1_IT1_IRQHandler))
<BR><BR>[Stack]<UL><LI>Max Depth = 240<LI>Call Chain = FDCAN1_IT1_IRQHandler &rArr; HAL_FDCAN_IRQHandler &rArr; HAL_FDCAN_RxFifo1Callback &rArr; fdcan_dispatch_router &rArr; HAL_FDCAN_GetRxMessage
</UL>
<BR>[Calls]<UL><LI><a href="#[83]">&gt;&gt;</a>&nbsp;&nbsp;&nbsp;HAL_FDCAN_IRQHandler
</UL>
<BR>[Address Reference Count : 1]<UL><LI> startup_stm32g473xx.o(RESET)
</UL>
<P><STRONG><a name="[57]"></a>FDCAN2_IT0_IRQHandler</STRONG> (Thumb, 16 bytes, Stack size 8 bytes, stm32g4xx_it.o(.text.FDCAN2_IT0_IRQHandler))
<BR><BR>[Stack]<UL><LI>Max Depth = 240<LI>Call Chain = FDCAN2_IT0_IRQHandler &rArr; HAL_FDCAN_IRQHandler &rArr; HAL_FDCAN_RxFifo1Callback &rArr; fdcan_dispatch_router &rArr; HAL_FDCAN_GetRxMessage
</UL>
<BR>[Calls]<UL><LI><a href="#[83]">&gt;&gt;</a>&nbsp;&nbsp;&nbsp;HAL_FDCAN_IRQHandler
</UL>
<BR>[Address Reference Count : 1]<UL><LI> startup_stm32g473xx.o(RESET)
</UL>
<P><STRONG><a name="[58]"></a>FDCAN2_IT1_IRQHandler</STRONG> (Thumb, 16 bytes, Stack size 8 bytes, stm32g4xx_it.o(.text.FDCAN2_IT1_IRQHandler))
<BR><BR>[Stack]<UL><LI>Max Depth = 240<LI>Call Chain = FDCAN2_IT1_IRQHandler &rArr; HAL_FDCAN_IRQHandler &rArr; HAL_FDCAN_RxFifo1Callback &rArr; fdcan_dispatch_router &rArr; HAL_FDCAN_GetRxMessage
</UL>
<BR>[Calls]<UL><LI><a href="#[83]">&gt;&gt;</a>&nbsp;&nbsp;&nbsp;HAL_FDCAN_IRQHandler
</UL>
<BR>[Address Reference Count : 1]<UL><LI> startup_stm32g473xx.o(RESET)
</UL>
<P><STRONG><a name="[ba]"></a>HAL_DMA_Abort</STRONG> (Thumb, 156 bytes, Stack size 8 bytes, stm32g4xx_hal_dma.o(.text.HAL_DMA_Abort))
<BR><BR>[Stack]<UL><LI>Max Depth = 8<LI>Call Chain = HAL_DMA_Abort
</UL>
<BR>[Called By]<UL><LI><a href="#[b6]">&gt;&gt;</a>&nbsp;&nbsp;&nbsp;HAL_UART_IRQHandler
</UL>

<P><STRONG><a name="[b8]"></a>HAL_DMA_Abort_IT</STRONG> (Thumb, 194 bytes, Stack size 16 bytes, stm32g4xx_hal_dma.o(.text.HAL_DMA_Abort_IT))
<BR><BR>[Stack]<UL><LI>Max Depth = 16<LI>Call Chain = HAL_DMA_Abort_IT
</UL>
<BR>[Called By]<UL><LI><a href="#[b6]">&gt;&gt;</a>&nbsp;&nbsp;&nbsp;HAL_UART_IRQHandler
</UL>

<P><STRONG><a name="[82]"></a>HAL_DMA_IRQHandler</STRONG> (Thumb, 342 bytes, Stack size 24 bytes, stm32g4xx_hal_dma.o(.text.HAL_DMA_IRQHandler))
<BR><BR>[Stack]<UL><LI>Max Depth = 24<LI>Call Chain = HAL_DMA_IRQHandler
</UL>
<BR>[Called By]<UL><LI><a href="#[16]">&gt;&gt;</a>&nbsp;&nbsp;&nbsp;DMA1_Channel2_IRQHandler
<LI><a href="#[15]">&gt;&gt;</a>&nbsp;&nbsp;&nbsp;DMA1_Channel1_IRQHandler
</UL>

<P><STRONG><a name="[84]"></a>HAL_DMA_Init</STRONG> (Thumb, 342 bytes, Stack size 24 bytes, stm32g4xx_hal_dma.o(.text.HAL_DMA_Init))
<BR><BR>[Stack]<UL><LI>Max Depth = 40<LI>Call Chain = HAL_DMA_Init &rArr; DMA_CalcDMAMUXChannelBaseAndMask
</UL>
<BR>[Calls]<UL><LI><a href="#[86]">&gt;&gt;</a>&nbsp;&nbsp;&nbsp;DMA_CalcDMAMUXRequestGenBaseAndMask
<LI><a href="#[85]">&gt;&gt;</a>&nbsp;&nbsp;&nbsp;DMA_CalcDMAMUXChannelBaseAndMask
</UL>
<BR>[Called By]<UL><LI><a href="#[c1]">&gt;&gt;</a>&nbsp;&nbsp;&nbsp;HAL_UART_MspInit
</UL>

<P><STRONG><a name="[87]"></a>HAL_Delay</STRONG> (Thumb, 66 bytes, Stack size 24 bytes, stm32g4xx_hal.o(.text.HAL_Delay))
<BR><BR>[Stack]<UL><LI>Max Depth = 24<LI>Call Chain = HAL_Delay
</UL>
<BR>[Calls]<UL><LI><a href="#[88]">&gt;&gt;</a>&nbsp;&nbsp;&nbsp;HAL_GetTick
</UL>
<BR>[Called By]<UL><LI><a href="#[76]">&gt;&gt;</a>&nbsp;&nbsp;&nbsp;main
</UL>

<P><STRONG><a name="[dd]"></a>HAL_FDCAN_ActivateNotification</STRONG> (Thumb, 522 bytes, Stack size 24 bytes, stm32g4xx_hal_fdcan.o(.text.HAL_FDCAN_ActivateNotification))
<BR><BR>[Stack]<UL><LI>Max Depth = 24<LI>Call Chain = HAL_FDCAN_ActivateNotification
</UL>
<BR>[Called By]<UL><LI><a href="#[da]">&gt;&gt;</a>&nbsp;&nbsp;&nbsp;fdcan_bsp_start
</UL>

<P><STRONG><a name="[89]"></a>HAL_FDCAN_AddMessageToTxFifoQ</STRONG> (Thumb, 154 bytes, Stack size 32 bytes, stm32g4xx_hal_fdcan.o(.text.HAL_FDCAN_AddMessageToTxFifoQ))
<BR><BR>[Stack]<UL><LI>Max Depth = 64<LI>Call Chain = HAL_FDCAN_AddMessageToTxFifoQ &rArr; FDCAN_CopyMessageToRAM
</UL>
<BR>[Calls]<UL><LI><a href="#[8a]">&gt;&gt;</a>&nbsp;&nbsp;&nbsp;FDCAN_CopyMessageToRAM
</UL>
<BR>[Called By]<UL><LI><a href="#[d8]">&gt;&gt;</a>&nbsp;&nbsp;&nbsp;dji_motor_send_commands
</UL>

<P><STRONG><a name="[db]"></a>HAL_FDCAN_ConfigFilter</STRONG> (Thumb, 182 bytes, Stack size 28 bytes, stm32g4xx_hal_fdcan.o(.text.HAL_FDCAN_ConfigFilter))
<BR><BR>[Stack]<UL><LI>Max Depth = 28<LI>Call Chain = HAL_FDCAN_ConfigFilter
</UL>
<BR>[Called By]<UL><LI><a href="#[da]">&gt;&gt;</a>&nbsp;&nbsp;&nbsp;fdcan_bsp_start
</UL>

<P><STRONG><a name="[dc]"></a>HAL_FDCAN_ConfigGlobalFilter</STRONG> (Thumb, 102 bytes, Stack size 20 bytes, stm32g4xx_hal_fdcan.o(.text.HAL_FDCAN_ConfigGlobalFilter))
<BR><BR>[Stack]<UL><LI>Max Depth = 20<LI>Call Chain = HAL_FDCAN_ConfigGlobalFilter
</UL>
<BR>[Called By]<UL><LI><a href="#[da]">&gt;&gt;</a>&nbsp;&nbsp;&nbsp;fdcan_bsp_start
</UL>

<P><STRONG><a name="[95]"></a>HAL_FDCAN_ErrorCallback</STRONG> (Thumb, 8 bytes, Stack size 4 bytes, stm32g4xx_hal_fdcan.o(.text.HAL_FDCAN_ErrorCallback))
<BR><BR>[Stack]<UL><LI>Max Depth = 4<LI>Call Chain = HAL_FDCAN_ErrorCallback
</UL>
<BR>[Called By]<UL><LI><a href="#[83]">&gt;&gt;</a>&nbsp;&nbsp;&nbsp;HAL_FDCAN_IRQHandler
</UL>

<P><STRONG><a name="[94]"></a>HAL_FDCAN_ErrorStatusCallback</STRONG> (Thumb, 10 bytes, Stack size 8 bytes, stm32g4xx_hal_fdcan.o(.text.HAL_FDCAN_ErrorStatusCallback))
<BR><BR>[Stack]<UL><LI>Max Depth = 8<LI>Call Chain = HAL_FDCAN_ErrorStatusCallback
</UL>
<BR>[Called By]<UL><LI><a href="#[83]">&gt;&gt;</a>&nbsp;&nbsp;&nbsp;HAL_FDCAN_IRQHandler
</UL>

<P><STRONG><a name="[df]"></a>HAL_FDCAN_GetRxMessage</STRONG> (Thumb, 560 bytes, Stack size 40 bytes, stm32g4xx_hal_fdcan.o(.text.HAL_FDCAN_GetRxMessage))
<BR><BR>[Stack]<UL><LI>Max Depth = 40<LI>Call Chain = HAL_FDCAN_GetRxMessage
</UL>
<BR>[Called By]<UL><LI><a href="#[9f]">&gt;&gt;</a>&nbsp;&nbsp;&nbsp;fdcan_dispatch_router
</UL>

<P><STRONG><a name="[8b]"></a>HAL_FDCAN_HighPriorityMessageCallback</STRONG> (Thumb, 8 bytes, Stack size 4 bytes, stm32g4xx_hal_fdcan.o(.text.HAL_FDCAN_HighPriorityMessageCallback))
<BR><BR>[Stack]<UL><LI>Max Depth = 4<LI>Call Chain = HAL_FDCAN_HighPriorityMessageCallback
</UL>
<BR>[Called By]<UL><LI><a href="#[83]">&gt;&gt;</a>&nbsp;&nbsp;&nbsp;HAL_FDCAN_IRQHandler
</UL>

<P><STRONG><a name="[83]"></a>HAL_FDCAN_IRQHandler</STRONG> (Thumb, 696 bytes, Stack size 48 bytes, stm32g4xx_hal_fdcan.o(.text.HAL_FDCAN_IRQHandler))
<BR><BR>[Stack]<UL><LI>Max Depth = 232<LI>Call Chain = HAL_FDCAN_IRQHandler &rArr; HAL_FDCAN_RxFifo1Callback &rArr; fdcan_dispatch_router &rArr; HAL_FDCAN_GetRxMessage
</UL>
<BR>[Calls]<UL><LI><a href="#[95]">&gt;&gt;</a>&nbsp;&nbsp;&nbsp;HAL_FDCAN_ErrorCallback
<LI><a href="#[94]">&gt;&gt;</a>&nbsp;&nbsp;&nbsp;HAL_FDCAN_ErrorStatusCallback
<LI><a href="#[93]">&gt;&gt;</a>&nbsp;&nbsp;&nbsp;HAL_FDCAN_TimeoutOccurredCallback
<LI><a href="#[92]">&gt;&gt;</a>&nbsp;&nbsp;&nbsp;HAL_FDCAN_TimestampWraparoundCallback
<LI><a href="#[91]">&gt;&gt;</a>&nbsp;&nbsp;&nbsp;HAL_FDCAN_TxBufferCompleteCallback
<LI><a href="#[90]">&gt;&gt;</a>&nbsp;&nbsp;&nbsp;HAL_FDCAN_TxFifoEmptyCallback
<LI><a href="#[8d]">&gt;&gt;</a>&nbsp;&nbsp;&nbsp;HAL_FDCAN_TxEventFifoCallback
<LI><a href="#[8c]">&gt;&gt;</a>&nbsp;&nbsp;&nbsp;HAL_FDCAN_TxBufferAbortCallback
<LI><a href="#[8b]">&gt;&gt;</a>&nbsp;&nbsp;&nbsp;HAL_FDCAN_HighPriorityMessageCallback
<LI><a href="#[8f]">&gt;&gt;</a>&nbsp;&nbsp;&nbsp;HAL_FDCAN_RxFifo1Callback
<LI><a href="#[8e]">&gt;&gt;</a>&nbsp;&nbsp;&nbsp;HAL_FDCAN_RxFifo0Callback
</UL>
<BR>[Called By]<UL><LI><a href="#[58]">&gt;&gt;</a>&nbsp;&nbsp;&nbsp;FDCAN2_IT1_IRQHandler
<LI><a href="#[57]">&gt;&gt;</a>&nbsp;&nbsp;&nbsp;FDCAN2_IT0_IRQHandler
<LI><a href="#[20]">&gt;&gt;</a>&nbsp;&nbsp;&nbsp;FDCAN1_IT1_IRQHandler
<LI><a href="#[1f]">&gt;&gt;</a>&nbsp;&nbsp;&nbsp;FDCAN1_IT0_IRQHandler
</UL>

<P><STRONG><a name="[96]"></a>HAL_FDCAN_Init</STRONG> (Thumb, 716 bytes, Stack size 24 bytes, stm32g4xx_hal_fdcan.o(.text.HAL_FDCAN_Init))
<BR><BR>[Stack]<UL><LI>Max Depth = 248 + Unknown Stack Size
<LI>Call Chain = HAL_FDCAN_Init &rArr; HAL_FDCAN_MspInit &rArr; HAL_NVIC_SetPriority &rArr; NVIC_EncodePriority
</UL>
<BR>[Calls]<UL><LI><a href="#[98]">&gt;&gt;</a>&nbsp;&nbsp;&nbsp;FDCAN_CalcultateRamBlockAddresses
<LI><a href="#[97]">&gt;&gt;</a>&nbsp;&nbsp;&nbsp;HAL_FDCAN_MspInit
<LI><a href="#[88]">&gt;&gt;</a>&nbsp;&nbsp;&nbsp;HAL_GetTick
</UL>
<BR>[Called By]<UL><LI><a href="#[c7]">&gt;&gt;</a>&nbsp;&nbsp;&nbsp;MX_FDCAN2_Init
<LI><a href="#[c6]">&gt;&gt;</a>&nbsp;&nbsp;&nbsp;MX_FDCAN1_Init
</UL>

<P><STRONG><a name="[97]"></a>HAL_FDCAN_MspInit</STRONG> (Thumb, 436 bytes, Stack size 160 bytes, fdcan.o(.text.HAL_FDCAN_MspInit))
<BR><BR>[Stack]<UL><LI>Max Depth = 224 + Unknown Stack Size
<LI>Call Chain = HAL_FDCAN_MspInit &rArr; HAL_NVIC_SetPriority &rArr; NVIC_EncodePriority
</UL>
<BR>[Calls]<UL><LI><a href="#[9a]">&gt;&gt;</a>&nbsp;&nbsp;&nbsp;HAL_RCCEx_PeriphCLKConfig
<LI><a href="#[9e]">&gt;&gt;</a>&nbsp;&nbsp;&nbsp;HAL_NVIC_EnableIRQ
<LI><a href="#[9d]">&gt;&gt;</a>&nbsp;&nbsp;&nbsp;HAL_NVIC_SetPriority
<LI><a href="#[9c]">&gt;&gt;</a>&nbsp;&nbsp;&nbsp;HAL_GPIO_Init
<LI><a href="#[9b]">&gt;&gt;</a>&nbsp;&nbsp;&nbsp;Error_Handler
<LI><a href="#[99]">&gt;&gt;</a>&nbsp;&nbsp;&nbsp;__aeabi_memclr4
</UL>
<BR>[Called By]<UL><LI><a href="#[96]">&gt;&gt;</a>&nbsp;&nbsp;&nbsp;HAL_FDCAN_Init
</UL>

<P><STRONG><a name="[8e]"></a>HAL_FDCAN_RxFifo0Callback</STRONG> (Thumb, 32 bytes, Stack size 16 bytes, fdcan_bsp.o(.text.HAL_FDCAN_RxFifo0Callback))
<BR><BR>[Stack]<UL><LI>Max Depth = 184<LI>Call Chain = HAL_FDCAN_RxFifo0Callback &rArr; fdcan_dispatch_router &rArr; HAL_FDCAN_GetRxMessage
</UL>
<BR>[Calls]<UL><LI><a href="#[9f]">&gt;&gt;</a>&nbsp;&nbsp;&nbsp;fdcan_dispatch_router
</UL>
<BR>[Called By]<UL><LI><a href="#[83]">&gt;&gt;</a>&nbsp;&nbsp;&nbsp;HAL_FDCAN_IRQHandler
</UL>

<P><STRONG><a name="[8f]"></a>HAL_FDCAN_RxFifo1Callback</STRONG> (Thumb, 34 bytes, Stack size 16 bytes, fdcan_bsp.o(.text.HAL_FDCAN_RxFifo1Callback))
<BR><BR>[Stack]<UL><LI>Max Depth = 184<LI>Call Chain = HAL_FDCAN_RxFifo1Callback &rArr; fdcan_dispatch_router &rArr; HAL_FDCAN_GetRxMessage
</UL>
<BR>[Calls]<UL><LI><a href="#[9f]">&gt;&gt;</a>&nbsp;&nbsp;&nbsp;fdcan_dispatch_router
</UL>
<BR>[Called By]<UL><LI><a href="#[83]">&gt;&gt;</a>&nbsp;&nbsp;&nbsp;HAL_FDCAN_IRQHandler
</UL>

<P><STRONG><a name="[de]"></a>HAL_FDCAN_Start</STRONG> (Thumb, 74 bytes, Stack size 8 bytes, stm32g4xx_hal_fdcan.o(.text.HAL_FDCAN_Start))
<BR><BR>[Stack]<UL><LI>Max Depth = 8<LI>Call Chain = HAL_FDCAN_Start
</UL>
<BR>[Called By]<UL><LI><a href="#[da]">&gt;&gt;</a>&nbsp;&nbsp;&nbsp;fdcan_bsp_start
</UL>

<P><STRONG><a name="[93]"></a>HAL_FDCAN_TimeoutOccurredCallback</STRONG> (Thumb, 8 bytes, Stack size 4 bytes, stm32g4xx_hal_fdcan.o(.text.HAL_FDCAN_TimeoutOccurredCallback))
<BR><BR>[Stack]<UL><LI>Max Depth = 4<LI>Call Chain = HAL_FDCAN_TimeoutOccurredCallback
</UL>
<BR>[Called By]<UL><LI><a href="#[83]">&gt;&gt;</a>&nbsp;&nbsp;&nbsp;HAL_FDCAN_IRQHandler
</UL>

<P><STRONG><a name="[92]"></a>HAL_FDCAN_TimestampWraparoundCallback</STRONG> (Thumb, 8 bytes, Stack size 4 bytes, stm32g4xx_hal_fdcan.o(.text.HAL_FDCAN_TimestampWraparoundCallback))
<BR><BR>[Stack]<UL><LI>Max Depth = 4<LI>Call Chain = HAL_FDCAN_TimestampWraparoundCallback
</UL>
<BR>[Called By]<UL><LI><a href="#[83]">&gt;&gt;</a>&nbsp;&nbsp;&nbsp;HAL_FDCAN_IRQHandler
</UL>

<P><STRONG><a name="[8c]"></a>HAL_FDCAN_TxBufferAbortCallback</STRONG> (Thumb, 10 bytes, Stack size 8 bytes, stm32g4xx_hal_fdcan.o(.text.HAL_FDCAN_TxBufferAbortCallback))
<BR><BR>[Stack]<UL><LI>Max Depth = 8<LI>Call Chain = HAL_FDCAN_TxBufferAbortCallback
</UL>
<BR>[Called By]<UL><LI><a href="#[83]">&gt;&gt;</a>&nbsp;&nbsp;&nbsp;HAL_FDCAN_IRQHandler
</UL>

<P><STRONG><a name="[91]"></a>HAL_FDCAN_TxBufferCompleteCallback</STRONG> (Thumb, 10 bytes, Stack size 8 bytes, stm32g4xx_hal_fdcan.o(.text.HAL_FDCAN_TxBufferCompleteCallback))
<BR><BR>[Stack]<UL><LI>Max Depth = 8<LI>Call Chain = HAL_FDCAN_TxBufferCompleteCallback
</UL>
<BR>[Called By]<UL><LI><a href="#[83]">&gt;&gt;</a>&nbsp;&nbsp;&nbsp;HAL_FDCAN_IRQHandler
</UL>

<P><STRONG><a name="[8d]"></a>HAL_FDCAN_TxEventFifoCallback</STRONG> (Thumb, 10 bytes, Stack size 8 bytes, stm32g4xx_hal_fdcan.o(.text.HAL_FDCAN_TxEventFifoCallback))
<BR><BR>[Stack]<UL><LI>Max Depth = 8<LI>Call Chain = HAL_FDCAN_TxEventFifoCallback
</UL>
<BR>[Called By]<UL><LI><a href="#[83]">&gt;&gt;</a>&nbsp;&nbsp;&nbsp;HAL_FDCAN_IRQHandler
</UL>

<P><STRONG><a name="[90]"></a>HAL_FDCAN_TxFifoEmptyCallback</STRONG> (Thumb, 8 bytes, Stack size 4 bytes, stm32g4xx_hal_fdcan.o(.text.HAL_FDCAN_TxFifoEmptyCallback))
<BR><BR>[Stack]<UL><LI>Max Depth = 4<LI>Call Chain = HAL_FDCAN_TxFifoEmptyCallback
</UL>
<BR>[Called By]<UL><LI><a href="#[83]">&gt;&gt;</a>&nbsp;&nbsp;&nbsp;HAL_FDCAN_IRQHandler
</UL>

<P><STRONG><a name="[9c]"></a>HAL_GPIO_Init</STRONG> (Thumb, 872 bytes, Stack size 44 bytes, stm32g4xx_hal_gpio.o(.text.HAL_GPIO_Init))
<BR><BR>[Stack]<UL><LI>Max Depth = 44<LI>Call Chain = HAL_GPIO_Init
</UL>
<BR>[Called By]<UL><LI><a href="#[c1]">&gt;&gt;</a>&nbsp;&nbsp;&nbsp;HAL_UART_MspInit
<LI><a href="#[97]">&gt;&gt;</a>&nbsp;&nbsp;&nbsp;HAL_FDCAN_MspInit
<LI><a href="#[c8]">&gt;&gt;</a>&nbsp;&nbsp;&nbsp;MX_GPIO_Init
</UL>

<P><STRONG><a name="[c9]"></a>HAL_GPIO_WritePin</STRONG> (Thumb, 44 bytes, Stack size 8 bytes, stm32g4xx_hal_gpio.o(.text.HAL_GPIO_WritePin))
<BR><BR>[Stack]<UL><LI>Max Depth = 8<LI>Call Chain = HAL_GPIO_WritePin
</UL>
<BR>[Called By]<UL><LI><a href="#[c8]">&gt;&gt;</a>&nbsp;&nbsp;&nbsp;MX_GPIO_Init
</UL>

<P><STRONG><a name="[88]"></a>HAL_GetTick</STRONG> (Thumb, 12 bytes, Stack size 0 bytes, stm32g4xx_hal.o(.text.HAL_GetTick))
<BR><BR>[Called By]<UL><LI><a href="#[9a]">&gt;&gt;</a>&nbsp;&nbsp;&nbsp;HAL_RCCEx_PeriphCLKConfig
<LI><a href="#[96]">&gt;&gt;</a>&nbsp;&nbsp;&nbsp;HAL_FDCAN_Init
<LI><a href="#[ab]">&gt;&gt;</a>&nbsp;&nbsp;&nbsp;HAL_RCC_ClockConfig
<LI><a href="#[b1]">&gt;&gt;</a>&nbsp;&nbsp;&nbsp;HAL_RCC_OscConfig
<LI><a href="#[87]">&gt;&gt;</a>&nbsp;&nbsp;&nbsp;HAL_Delay
<LI><a href="#[76]">&gt;&gt;</a>&nbsp;&nbsp;&nbsp;main
<LI><a href="#[6a]">&gt;&gt;</a>&nbsp;&nbsp;&nbsp;dji_motor_message_handler
<LI><a href="#[d0]">&gt;&gt;</a>&nbsp;&nbsp;&nbsp;UART_WaitOnFlagUntilTimeout
<LI><a href="#[c4]">&gt;&gt;</a>&nbsp;&nbsp;&nbsp;UART_CheckIdleState
</UL>

<P><STRONG><a name="[cd]"></a>HAL_IncTick</STRONG> (Thumb, 26 bytes, Stack size 0 bytes, stm32g4xx_hal.o(.text.HAL_IncTick))
<BR><BR>[Called By]<UL><LI><a href="#[9]">&gt;&gt;</a>&nbsp;&nbsp;&nbsp;SysTick_Handler
</UL>

<P><STRONG><a name="[a0]"></a>HAL_Init</STRONG> (Thumb, 48 bytes, Stack size 16 bytes, stm32g4xx_hal.o(.text.HAL_Init))
<BR><BR>[Stack]<UL><LI>Max Depth = 96<LI>Call Chain = HAL_Init &rArr; HAL_InitTick &rArr; HAL_NVIC_SetPriority &rArr; NVIC_EncodePriority
</UL>
<BR>[Calls]<UL><LI><a href="#[a2]">&gt;&gt;</a>&nbsp;&nbsp;&nbsp;HAL_InitTick
<LI><a href="#[a1]">&gt;&gt;</a>&nbsp;&nbsp;&nbsp;HAL_NVIC_SetPriorityGrouping
<LI><a href="#[a3]">&gt;&gt;</a>&nbsp;&nbsp;&nbsp;HAL_MspInit
</UL>
<BR>[Called By]<UL><LI><a href="#[76]">&gt;&gt;</a>&nbsp;&nbsp;&nbsp;main
</UL>

<P><STRONG><a name="[a2]"></a>HAL_InitTick</STRONG> (Thumb, 136 bytes, Stack size 16 bytes, stm32g4xx_hal.o(.text.HAL_InitTick))
<BR><BR>[Stack]<UL><LI>Max Depth = 80<LI>Call Chain = HAL_InitTick &rArr; HAL_NVIC_SetPriority &rArr; NVIC_EncodePriority
</UL>
<BR>[Calls]<UL><LI><a href="#[a4]">&gt;&gt;</a>&nbsp;&nbsp;&nbsp;HAL_SYSTICK_Config
<LI><a href="#[9d]">&gt;&gt;</a>&nbsp;&nbsp;&nbsp;HAL_NVIC_SetPriority
</UL>
<BR>[Called By]<UL><LI><a href="#[ab]">&gt;&gt;</a>&nbsp;&nbsp;&nbsp;HAL_RCC_ClockConfig
<LI><a href="#[b1]">&gt;&gt;</a>&nbsp;&nbsp;&nbsp;HAL_RCC_OscConfig
<LI><a href="#[a0]">&gt;&gt;</a>&nbsp;&nbsp;&nbsp;HAL_Init
</UL>

<P><STRONG><a name="[a3]"></a>HAL_MspInit</STRONG> (Thumb, 72 bytes, Stack size 16 bytes, stm32g4xx_hal_msp.o(.text.HAL_MspInit))
<BR><BR>[Stack]<UL><LI>Max Depth = 16<LI>Call Chain = HAL_MspInit
</UL>
<BR>[Calls]<UL><LI><a href="#[a5]">&gt;&gt;</a>&nbsp;&nbsp;&nbsp;HAL_PWREx_DisableUCPDDeadBattery
</UL>
<BR>[Called By]<UL><LI><a href="#[a0]">&gt;&gt;</a>&nbsp;&nbsp;&nbsp;HAL_Init
</UL>

<P><STRONG><a name="[9e]"></a>HAL_NVIC_EnableIRQ</STRONG> (Thumb, 20 bytes, Stack size 16 bytes, stm32g4xx_hal_cortex.o(.text.HAL_NVIC_EnableIRQ))
<BR><BR>[Stack]<UL><LI>Max Depth = 20<LI>Call Chain = HAL_NVIC_EnableIRQ &rArr; __NVIC_EnableIRQ
</UL>
<BR>[Calls]<UL><LI><a href="#[a6]">&gt;&gt;</a>&nbsp;&nbsp;&nbsp;__NVIC_EnableIRQ
</UL>
<BR>[Called By]<UL><LI><a href="#[c1]">&gt;&gt;</a>&nbsp;&nbsp;&nbsp;HAL_UART_MspInit
<LI><a href="#[97]">&gt;&gt;</a>&nbsp;&nbsp;&nbsp;HAL_FDCAN_MspInit
<LI><a href="#[c5]">&gt;&gt;</a>&nbsp;&nbsp;&nbsp;MX_DMA_Init
</UL>

<P><STRONG><a name="[9d]"></a>HAL_NVIC_SetPriority</STRONG> (Thumb, 46 bytes, Stack size 32 bytes, stm32g4xx_hal_cortex.o(.text.HAL_NVIC_SetPriority))
<BR><BR>[Stack]<UL><LI>Max Depth = 64<LI>Call Chain = HAL_NVIC_SetPriority &rArr; NVIC_EncodePriority
</UL>
<BR>[Calls]<UL><LI><a href="#[a9]">&gt;&gt;</a>&nbsp;&nbsp;&nbsp;__NVIC_SetPriority
<LI><a href="#[a8]">&gt;&gt;</a>&nbsp;&nbsp;&nbsp;NVIC_EncodePriority
<LI><a href="#[a7]">&gt;&gt;</a>&nbsp;&nbsp;&nbsp;__NVIC_GetPriorityGrouping
</UL>
<BR>[Called By]<UL><LI><a href="#[a2]">&gt;&gt;</a>&nbsp;&nbsp;&nbsp;HAL_InitTick
<LI><a href="#[c1]">&gt;&gt;</a>&nbsp;&nbsp;&nbsp;HAL_UART_MspInit
<LI><a href="#[97]">&gt;&gt;</a>&nbsp;&nbsp;&nbsp;HAL_FDCAN_MspInit
<LI><a href="#[c5]">&gt;&gt;</a>&nbsp;&nbsp;&nbsp;MX_DMA_Init
</UL>

<P><STRONG><a name="[a1]"></a>HAL_NVIC_SetPriorityGrouping</STRONG> (Thumb, 16 bytes, Stack size 16 bytes, stm32g4xx_hal_cortex.o(.text.HAL_NVIC_SetPriorityGrouping))
<BR><BR>[Stack]<UL><LI>Max Depth = 28<LI>Call Chain = HAL_NVIC_SetPriorityGrouping &rArr; __NVIC_SetPriorityGrouping
</UL>
<BR>[Calls]<UL><LI><a href="#[aa]">&gt;&gt;</a>&nbsp;&nbsp;&nbsp;__NVIC_SetPriorityGrouping
</UL>
<BR>[Called By]<UL><LI><a href="#[a0]">&gt;&gt;</a>&nbsp;&nbsp;&nbsp;HAL_Init
</UL>

<P><STRONG><a name="[cf]"></a>HAL_PWREx_ControlVoltageScaling</STRONG> (Thumb, 436 bytes, Stack size 20 bytes, stm32g4xx_hal_pwr_ex.o(.text.HAL_PWREx_ControlVoltageScaling))
<BR><BR>[Stack]<UL><LI>Max Depth = 20<LI>Call Chain = HAL_PWREx_ControlVoltageScaling
</UL>
<BR>[Called By]<UL><LI><a href="#[ce]">&gt;&gt;</a>&nbsp;&nbsp;&nbsp;SystemClock_Config
</UL>

<P><STRONG><a name="[a5]"></a>HAL_PWREx_DisableUCPDDeadBattery</STRONG> (Thumb, 18 bytes, Stack size 0 bytes, stm32g4xx_hal_pwr_ex.o(.text.HAL_PWREx_DisableUCPDDeadBattery))
<BR><BR>[Called By]<UL><LI><a href="#[a3]">&gt;&gt;</a>&nbsp;&nbsp;&nbsp;HAL_MspInit
</UL>

<P><STRONG><a name="[9a]"></a>HAL_RCCEx_PeriphCLKConfig</STRONG> (Thumb, 1316 bytes, Stack size 32 bytes, stm32g4xx_hal_rcc_ex.o(.text.HAL_RCCEx_PeriphCLKConfig))
<BR><BR>[Stack]<UL><LI>Max Depth = 32<LI>Call Chain = HAL_RCCEx_PeriphCLKConfig
</UL>
<BR>[Calls]<UL><LI><a href="#[88]">&gt;&gt;</a>&nbsp;&nbsp;&nbsp;HAL_GetTick
</UL>
<BR>[Called By]<UL><LI><a href="#[c1]">&gt;&gt;</a>&nbsp;&nbsp;&nbsp;HAL_UART_MspInit
<LI><a href="#[97]">&gt;&gt;</a>&nbsp;&nbsp;&nbsp;HAL_FDCAN_MspInit
</UL>

<P><STRONG><a name="[ab]"></a>HAL_RCC_ClockConfig</STRONG> (Thumb, 806 bytes, Stack size 32 bytes, stm32g4xx_hal_rcc.o(.text.HAL_RCC_ClockConfig))
<BR><BR>[Stack]<UL><LI>Max Depth = 112<LI>Call Chain = HAL_RCC_ClockConfig &rArr; HAL_InitTick &rArr; HAL_NVIC_SetPriority &rArr; NVIC_EncodePriority
</UL>
<BR>[Calls]<UL><LI><a href="#[ad]">&gt;&gt;</a>&nbsp;&nbsp;&nbsp;HAL_RCC_GetSysClockFreq
<LI><a href="#[ac]">&gt;&gt;</a>&nbsp;&nbsp;&nbsp;RCC_GetSysClockFreqFromPLLSource
<LI><a href="#[a2]">&gt;&gt;</a>&nbsp;&nbsp;&nbsp;HAL_InitTick
<LI><a href="#[88]">&gt;&gt;</a>&nbsp;&nbsp;&nbsp;HAL_GetTick
</UL>
<BR>[Called By]<UL><LI><a href="#[ce]">&gt;&gt;</a>&nbsp;&nbsp;&nbsp;SystemClock_Config
</UL>

<P><STRONG><a name="[af]"></a>HAL_RCC_GetHCLKFreq</STRONG> (Thumb, 12 bytes, Stack size 0 bytes, stm32g4xx_hal_rcc.o(.text.HAL_RCC_GetHCLKFreq))
<BR><BR>[Called By]<UL><LI><a href="#[b0]">&gt;&gt;</a>&nbsp;&nbsp;&nbsp;HAL_RCC_GetPCLK2Freq
<LI><a href="#[ae]">&gt;&gt;</a>&nbsp;&nbsp;&nbsp;HAL_RCC_GetPCLK1Freq
</UL>

<P><STRONG><a name="[ae]"></a>HAL_RCC_GetPCLK1Freq</STRONG> (Thumb, 38 bytes, Stack size 8 bytes, stm32g4xx_hal_rcc.o(.text.HAL_RCC_GetPCLK1Freq))
<BR><BR>[Stack]<UL><LI>Max Depth = 8<LI>Call Chain = HAL_RCC_GetPCLK1Freq
</UL>
<BR>[Calls]<UL><LI><a href="#[af]">&gt;&gt;</a>&nbsp;&nbsp;&nbsp;HAL_RCC_GetHCLKFreq
</UL>
<BR>[Called By]<UL><LI><a href="#[c3]">&gt;&gt;</a>&nbsp;&nbsp;&nbsp;UART_SetConfig
</UL>

<P><STRONG><a name="[b0]"></a>HAL_RCC_GetPCLK2Freq</STRONG> (Thumb, 38 bytes, Stack size 8 bytes, stm32g4xx_hal_rcc.o(.text.HAL_RCC_GetPCLK2Freq))
<BR><BR>[Stack]<UL><LI>Max Depth = 8<LI>Call Chain = HAL_RCC_GetPCLK2Freq
</UL>
<BR>[Calls]<UL><LI><a href="#[af]">&gt;&gt;</a>&nbsp;&nbsp;&nbsp;HAL_RCC_GetHCLKFreq
</UL>
<BR>[Called By]<UL><LI><a href="#[c3]">&gt;&gt;</a>&nbsp;&nbsp;&nbsp;UART_SetConfig
</UL>

<P><STRONG><a name="[ad]"></a>HAL_RCC_GetSysClockFreq</STRONG> (Thumb, 252 bytes, Stack size 24 bytes, stm32g4xx_hal_rcc.o(.text.HAL_RCC_GetSysClockFreq))
<BR><BR>[Stack]<UL><LI>Max Depth = 24<LI>Call Chain = HAL_RCC_GetSysClockFreq
</UL>
<BR>[Called By]<UL><LI><a href="#[ab]">&gt;&gt;</a>&nbsp;&nbsp;&nbsp;HAL_RCC_ClockConfig
<LI><a href="#[c3]">&gt;&gt;</a>&nbsp;&nbsp;&nbsp;UART_SetConfig
</UL>

<P><STRONG><a name="[b1]"></a>HAL_RCC_OscConfig</STRONG> (Thumb, 1974 bytes, Stack size 48 bytes, stm32g4xx_hal_rcc.o(.text.HAL_RCC_OscConfig))
<BR><BR>[Stack]<UL><LI>Max Depth = 128<LI>Call Chain = HAL_RCC_OscConfig &rArr; HAL_InitTick &rArr; HAL_NVIC_SetPriority &rArr; NVIC_EncodePriority
</UL>
<BR>[Calls]<UL><LI><a href="#[a2]">&gt;&gt;</a>&nbsp;&nbsp;&nbsp;HAL_InitTick
<LI><a href="#[88]">&gt;&gt;</a>&nbsp;&nbsp;&nbsp;HAL_GetTick
</UL>
<BR>[Called By]<UL><LI><a href="#[ce]">&gt;&gt;</a>&nbsp;&nbsp;&nbsp;SystemClock_Config
</UL>

<P><STRONG><a name="[a4]"></a>HAL_SYSTICK_Config</STRONG> (Thumb, 16 bytes, Stack size 16 bytes, stm32g4xx_hal_cortex.o(.text.HAL_SYSTICK_Config))
<BR><BR>[Stack]<UL><LI>Max Depth = 40<LI>Call Chain = HAL_SYSTICK_Config &rArr; SysTick_Config &rArr; __NVIC_SetPriority
</UL>
<BR>[Calls]<UL><LI><a href="#[b2]">&gt;&gt;</a>&nbsp;&nbsp;&nbsp;SysTick_Config
</UL>
<BR>[Called By]<UL><LI><a href="#[a2]">&gt;&gt;</a>&nbsp;&nbsp;&nbsp;HAL_InitTick
</UL>

<P><STRONG><a name="[cb]"></a>HAL_UARTEx_DisableFifoMode</STRONG> (Thumb, 124 bytes, Stack size 12 bytes, stm32g4xx_hal_uart_ex.o(.text.HAL_UARTEx_DisableFifoMode))
<BR><BR>[Stack]<UL><LI>Max Depth = 12<LI>Call Chain = HAL_UARTEx_DisableFifoMode
</UL>
<BR>[Called By]<UL><LI><a href="#[cc]">&gt;&gt;</a>&nbsp;&nbsp;&nbsp;MX_USART3_UART_Init
<LI><a href="#[ca]">&gt;&gt;</a>&nbsp;&nbsp;&nbsp;MX_USART2_UART_Init
</UL>

<P><STRONG><a name="[bb]"></a>HAL_UARTEx_RxEventCallback</STRONG> (Thumb, 12 bytes, Stack size 8 bytes, stm32g4xx_hal_uart.o(.text.HAL_UARTEx_RxEventCallback))
<BR><BR>[Stack]<UL><LI>Max Depth = 8<LI>Call Chain = HAL_UARTEx_RxEventCallback
</UL>
<BR>[Called By]<UL><LI><a href="#[b6]">&gt;&gt;</a>&nbsp;&nbsp;&nbsp;HAL_UART_IRQHandler
</UL>

<P><STRONG><a name="[bf]"></a>HAL_UARTEx_RxFifoFullCallback</STRONG> (Thumb, 8 bytes, Stack size 4 bytes, stm32g4xx_hal_uart_ex.o(.text.HAL_UARTEx_RxFifoFullCallback))
<BR><BR>[Stack]<UL><LI>Max Depth = 4<LI>Call Chain = HAL_UARTEx_RxFifoFullCallback
</UL>
<BR>[Called By]<UL><LI><a href="#[b6]">&gt;&gt;</a>&nbsp;&nbsp;&nbsp;HAL_UART_IRQHandler
</UL>

<P><STRONG><a name="[b3]"></a>HAL_UARTEx_SetRxFifoThreshold</STRONG> (Thumb, 140 bytes, Stack size 24 bytes, stm32g4xx_hal_uart_ex.o(.text.HAL_UARTEx_SetRxFifoThreshold))
<BR><BR>[Stack]<UL><LI>Max Depth = 32<LI>Call Chain = HAL_UARTEx_SetRxFifoThreshold &rArr; UARTEx_SetNbDataToProcess
</UL>
<BR>[Calls]<UL><LI><a href="#[b4]">&gt;&gt;</a>&nbsp;&nbsp;&nbsp;UARTEx_SetNbDataToProcess
</UL>
<BR>[Called By]<UL><LI><a href="#[cc]">&gt;&gt;</a>&nbsp;&nbsp;&nbsp;MX_USART3_UART_Init
<LI><a href="#[ca]">&gt;&gt;</a>&nbsp;&nbsp;&nbsp;MX_USART2_UART_Init
</UL>

<P><STRONG><a name="[b5]"></a>HAL_UARTEx_SetTxFifoThreshold</STRONG> (Thumb, 140 bytes, Stack size 24 bytes, stm32g4xx_hal_uart_ex.o(.text.HAL_UARTEx_SetTxFifoThreshold))
<BR><BR>[Stack]<UL><LI>Max Depth = 32<LI>Call Chain = HAL_UARTEx_SetTxFifoThreshold &rArr; UARTEx_SetNbDataToProcess
</UL>
<BR>[Calls]<UL><LI><a href="#[b4]">&gt;&gt;</a>&nbsp;&nbsp;&nbsp;UARTEx_SetNbDataToProcess
</UL>
<BR>[Called By]<UL><LI><a href="#[cc]">&gt;&gt;</a>&nbsp;&nbsp;&nbsp;MX_USART3_UART_Init
<LI><a href="#[ca]">&gt;&gt;</a>&nbsp;&nbsp;&nbsp;MX_USART2_UART_Init
</UL>

<P><STRONG><a name="[be]"></a>HAL_UARTEx_TxFifoEmptyCallback</STRONG> (Thumb, 8 bytes, Stack size 4 bytes, stm32g4xx_hal_uart_ex.o(.text.HAL_UARTEx_TxFifoEmptyCallback))
<BR><BR>[Stack]<UL><LI>Max Depth = 4<LI>Call Chain = HAL_UARTEx_TxFifoEmptyCallback
</UL>
<BR>[Called By]<UL><LI><a href="#[b6]">&gt;&gt;</a>&nbsp;&nbsp;&nbsp;HAL_UART_IRQHandler
</UL>

<P><STRONG><a name="[bc]"></a>HAL_UARTEx_WakeupCallback</STRONG> (Thumb, 8 bytes, Stack size 4 bytes, stm32g4xx_hal_uart_ex.o(.text.HAL_UARTEx_WakeupCallback))
<BR><BR>[Stack]<UL><LI>Max Depth = 4<LI>Call Chain = HAL_UARTEx_WakeupCallback
</UL>
<BR>[Called By]<UL><LI><a href="#[b6]">&gt;&gt;</a>&nbsp;&nbsp;&nbsp;HAL_UART_IRQHandler
</UL>

<P><STRONG><a name="[b9]"></a>HAL_UART_ErrorCallback</STRONG> (Thumb, 8 bytes, Stack size 4 bytes, stm32g4xx_hal_uart.o(.text.HAL_UART_ErrorCallback))
<BR><BR>[Stack]<UL><LI>Max Depth = 4<LI>Call Chain = HAL_UART_ErrorCallback
</UL>
<BR>[Called By]<UL><LI><a href="#[b6]">&gt;&gt;</a>&nbsp;&nbsp;&nbsp;HAL_UART_IRQHandler
<LI><a href="#[69]">&gt;&gt;</a>&nbsp;&nbsp;&nbsp;UART_DMAAbortOnError
</UL>

<P><STRONG><a name="[b6]"></a>HAL_UART_IRQHandler</STRONG> (Thumb, 1430 bytes, Stack size 72 bytes, stm32g4xx_hal_uart.o(.text.HAL_UART_IRQHandler))
<BR><BR>[Stack]<UL><LI>Max Depth = 92<LI>Call Chain = HAL_UART_IRQHandler &rArr; UART_EndTransmit_IT &rArr; HAL_UART_TxCpltCallback
</UL>
<BR>[Calls]<UL><LI><a href="#[b7]">&gt;&gt;</a>&nbsp;&nbsp;&nbsp;UART_EndRxTransfer
<LI><a href="#[b8]">&gt;&gt;</a>&nbsp;&nbsp;&nbsp;HAL_DMA_Abort_IT
<LI><a href="#[ba]">&gt;&gt;</a>&nbsp;&nbsp;&nbsp;HAL_DMA_Abort
<LI><a href="#[bf]">&gt;&gt;</a>&nbsp;&nbsp;&nbsp;HAL_UARTEx_RxFifoFullCallback
<LI><a href="#[be]">&gt;&gt;</a>&nbsp;&nbsp;&nbsp;HAL_UARTEx_TxFifoEmptyCallback
<LI><a href="#[bc]">&gt;&gt;</a>&nbsp;&nbsp;&nbsp;HAL_UARTEx_WakeupCallback
<LI><a href="#[bb]">&gt;&gt;</a>&nbsp;&nbsp;&nbsp;HAL_UARTEx_RxEventCallback
<LI><a href="#[b9]">&gt;&gt;</a>&nbsp;&nbsp;&nbsp;HAL_UART_ErrorCallback
<LI><a href="#[bd]">&gt;&gt;</a>&nbsp;&nbsp;&nbsp;UART_EndTransmit_IT
</UL>
<BR>[Called By]<UL><LI><a href="#[31]">&gt;&gt;</a>&nbsp;&nbsp;&nbsp;USART3_IRQHandler
<LI><a href="#[30]">&gt;&gt;</a>&nbsp;&nbsp;&nbsp;USART2_IRQHandler
</UL>

<P><STRONG><a name="[c0]"></a>HAL_UART_Init</STRONG> (Thumb, 170 bytes, Stack size 16 bytes, stm32g4xx_hal_uart.o(.text.HAL_UART_Init))
<BR><BR>[Stack]<UL><LI>Max Depth = 240 + Unknown Stack Size
<LI>Call Chain = HAL_UART_Init &rArr; HAL_UART_MspInit &rArr; HAL_NVIC_SetPriority &rArr; NVIC_EncodePriority
</UL>
<BR>[Calls]<UL><LI><a href="#[c1]">&gt;&gt;</a>&nbsp;&nbsp;&nbsp;HAL_UART_MspInit
<LI><a href="#[c4]">&gt;&gt;</a>&nbsp;&nbsp;&nbsp;UART_CheckIdleState
<LI><a href="#[c3]">&gt;&gt;</a>&nbsp;&nbsp;&nbsp;UART_SetConfig
<LI><a href="#[c2]">&gt;&gt;</a>&nbsp;&nbsp;&nbsp;UART_AdvFeatureConfig
</UL>
<BR>[Called By]<UL><LI><a href="#[cc]">&gt;&gt;</a>&nbsp;&nbsp;&nbsp;MX_USART3_UART_Init
<LI><a href="#[ca]">&gt;&gt;</a>&nbsp;&nbsp;&nbsp;MX_USART2_UART_Init
</UL>

<P><STRONG><a name="[c1]"></a>HAL_UART_MspInit</STRONG> (Thumb, 494 bytes, Stack size 160 bytes, usart.o(.text.HAL_UART_MspInit))
<BR><BR>[Stack]<UL><LI>Max Depth = 224 + Unknown Stack Size
<LI>Call Chain = HAL_UART_MspInit &rArr; HAL_NVIC_SetPriority &rArr; NVIC_EncodePriority
</UL>
<BR>[Calls]<UL><LI><a href="#[84]">&gt;&gt;</a>&nbsp;&nbsp;&nbsp;HAL_DMA_Init
<LI><a href="#[9a]">&gt;&gt;</a>&nbsp;&nbsp;&nbsp;HAL_RCCEx_PeriphCLKConfig
<LI><a href="#[9e]">&gt;&gt;</a>&nbsp;&nbsp;&nbsp;HAL_NVIC_EnableIRQ
<LI><a href="#[9d]">&gt;&gt;</a>&nbsp;&nbsp;&nbsp;HAL_NVIC_SetPriority
<LI><a href="#[9c]">&gt;&gt;</a>&nbsp;&nbsp;&nbsp;HAL_GPIO_Init
<LI><a href="#[9b]">&gt;&gt;</a>&nbsp;&nbsp;&nbsp;Error_Handler
<LI><a href="#[99]">&gt;&gt;</a>&nbsp;&nbsp;&nbsp;__aeabi_memclr4
</UL>
<BR>[Called By]<UL><LI><a href="#[c0]">&gt;&gt;</a>&nbsp;&nbsp;&nbsp;HAL_UART_Init
</UL>

<P><STRONG><a name="[d1]"></a>HAL_UART_TxCpltCallback</STRONG> (Thumb, 8 bytes, Stack size 4 bytes, stm32g4xx_hal_uart.o(.text.HAL_UART_TxCpltCallback))
<BR><BR>[Stack]<UL><LI>Max Depth = 4<LI>Call Chain = HAL_UART_TxCpltCallback
</UL>
<BR>[Called By]<UL><LI><a href="#[bd]">&gt;&gt;</a>&nbsp;&nbsp;&nbsp;UART_EndTransmit_IT
</UL>

<P><STRONG><a name="[2]"></a>HardFault_Handler</STRONG> (Thumb, 4 bytes, Stack size 0 bytes, stm32g4xx_it.o(.text.HardFault_Handler))
<BR>[Address Reference Count : 1]<UL><LI> startup_stm32g473xx.o(RESET)
</UL>
<P><STRONG><a name="[c5]"></a>MX_DMA_Init</STRONG> (Thumb, 106 bytes, Stack size 32 bytes, dma.o(.text.MX_DMA_Init))
<BR><BR>[Stack]<UL><LI>Max Depth = 96<LI>Call Chain = MX_DMA_Init &rArr; HAL_NVIC_SetPriority &rArr; NVIC_EncodePriority
</UL>
<BR>[Calls]<UL><LI><a href="#[9e]">&gt;&gt;</a>&nbsp;&nbsp;&nbsp;HAL_NVIC_EnableIRQ
<LI><a href="#[9d]">&gt;&gt;</a>&nbsp;&nbsp;&nbsp;HAL_NVIC_SetPriority
</UL>
<BR>[Called By]<UL><LI><a href="#[76]">&gt;&gt;</a>&nbsp;&nbsp;&nbsp;main
</UL>

<P><STRONG><a name="[c6]"></a>MX_FDCAN1_Init</STRONG> (Thumb, 94 bytes, Stack size 16 bytes, fdcan.o(.text.MX_FDCAN1_Init))
<BR><BR>[Stack]<UL><LI>Max Depth = 264 + Unknown Stack Size
<LI>Call Chain = MX_FDCAN1_Init &rArr; HAL_FDCAN_Init &rArr; HAL_FDCAN_MspInit &rArr; HAL_NVIC_SetPriority &rArr; NVIC_EncodePriority
</UL>
<BR>[Calls]<UL><LI><a href="#[96]">&gt;&gt;</a>&nbsp;&nbsp;&nbsp;HAL_FDCAN_Init
<LI><a href="#[9b]">&gt;&gt;</a>&nbsp;&nbsp;&nbsp;Error_Handler
</UL>
<BR>[Called By]<UL><LI><a href="#[76]">&gt;&gt;</a>&nbsp;&nbsp;&nbsp;main
</UL>

<P><STRONG><a name="[c7]"></a>MX_FDCAN2_Init</STRONG> (Thumb, 98 bytes, Stack size 16 bytes, fdcan.o(.text.MX_FDCAN2_Init))
<BR><BR>[Stack]<UL><LI>Max Depth = 264 + Unknown Stack Size
<LI>Call Chain = MX_FDCAN2_Init &rArr; HAL_FDCAN_Init &rArr; HAL_FDCAN_MspInit &rArr; HAL_NVIC_SetPriority &rArr; NVIC_EncodePriority
</UL>
<BR>[Calls]<UL><LI><a href="#[96]">&gt;&gt;</a>&nbsp;&nbsp;&nbsp;HAL_FDCAN_Init
<LI><a href="#[9b]">&gt;&gt;</a>&nbsp;&nbsp;&nbsp;Error_Handler
</UL>
<BR>[Called By]<UL><LI><a href="#[76]">&gt;&gt;</a>&nbsp;&nbsp;&nbsp;main
</UL>

<P><STRONG><a name="[c8]"></a>MX_GPIO_Init</STRONG> (Thumb, 152 bytes, Stack size 56 bytes, gpio.o(.text.MX_GPIO_Init))
<BR><BR>[Stack]<UL><LI>Max Depth = 100<LI>Call Chain = MX_GPIO_Init &rArr; HAL_GPIO_Init
</UL>
<BR>[Calls]<UL><LI><a href="#[9c]">&gt;&gt;</a>&nbsp;&nbsp;&nbsp;HAL_GPIO_Init
<LI><a href="#[c9]">&gt;&gt;</a>&nbsp;&nbsp;&nbsp;HAL_GPIO_WritePin
</UL>
<BR>[Called By]<UL><LI><a href="#[76]">&gt;&gt;</a>&nbsp;&nbsp;&nbsp;main
</UL>

<P><STRONG><a name="[ca]"></a>MX_USART2_UART_Init</STRONG> (Thumb, 142 bytes, Stack size 16 bytes, usart.o(.text.MX_USART2_UART_Init))
<BR><BR>[Stack]<UL><LI>Max Depth = 256 + Unknown Stack Size
[...]
<LI><a href="#[cf]">&gt;&gt;</a>&nbsp;&nbsp;&nbsp;HAL_PWREx_ControlVoltageScaling
<LI><a href="#[99]">&gt;&gt;</a>&nbsp;&nbsp;&nbsp;__aeabi_memclr4
</UL>
<BR>[Called By]<UL><LI><a href="#[76]">&gt;&gt;</a>&nbsp;&nbsp;&nbsp;main
</UL>

<P><STRONG><a name="[67]"></a>SystemInit</STRONG> (Thumb, 18 bytes, Stack size 0 bytes, system_stm32g4xx.o(.text.SystemInit))
<BR>[Address Reference Count : 1]<UL><LI> startup_stm32g473xx.o(.text)
</UL>
<P><STRONG><a name="[c2]"></a>UART_AdvFeatureConfig</STRONG> (Thumb, 328 bytes, Stack size 4 bytes, stm32g4xx_hal_uart.o(.text.UART_AdvFeatureConfig))
<BR><BR>[Stack]<UL><LI>Max Depth = 4<LI>Call Chain = UART_AdvFeatureConfig
</UL>
<BR>[Called By]<UL><LI><a href="#[c0]">&gt;&gt;</a>&nbsp;&nbsp;&nbsp;HAL_UART_Init
</UL>

<P><STRONG><a name="[c4]"></a>UART_CheckIdleState</STRONG> (Thumb, 326 bytes, Stack size 40 bytes, stm32g4xx_hal_uart.o(.text.UART_CheckIdleState))
<BR><BR>[Stack]<UL><LI>Max Depth = 88<LI>Call Chain = UART_CheckIdleState &rArr; UART_WaitOnFlagUntilTimeout &rArr; UART_EndRxTransfer
</UL>
<BR>[Calls]<UL><LI><a href="#[88]">&gt;&gt;</a>&nbsp;&nbsp;&nbsp;HAL_GetTick
<LI><a href="#[d0]">&gt;&gt;</a>&nbsp;&nbsp;&nbsp;UART_WaitOnFlagUntilTimeout
</UL>
<BR>[Called By]<UL><LI><a href="#[c0]">&gt;&gt;</a>&nbsp;&nbsp;&nbsp;HAL_UART_Init
</UL>

<P><STRONG><a name="[c3]"></a>UART_SetConfig</STRONG> (Thumb, 1506 bytes, Stack size 80 bytes, stm32g4xx_hal_uart.o(.text.UART_SetConfig))
<BR><BR>[Stack]<UL><LI>Max Depth = 128<LI>Call Chain = UART_SetConfig &rArr; __aeabi_uldivmod
</UL>
<BR>[Calls]<UL><LI><a href="#[b0]">&gt;&gt;</a>&nbsp;&nbsp;&nbsp;HAL_RCC_GetPCLK2Freq
<LI><a href="#[ae]">&gt;&gt;</a>&nbsp;&nbsp;&nbsp;HAL_RCC_GetPCLK1Freq
<LI><a href="#[ad]">&gt;&gt;</a>&nbsp;&nbsp;&nbsp;HAL_RCC_GetSysClockFreq
<LI><a href="#[d2]">&gt;&gt;</a>&nbsp;&nbsp;&nbsp;__aeabi_uldivmod
</UL>
<BR>[Called By]<UL><LI><a href="#[c0]">&gt;&gt;</a>&nbsp;&nbsp;&nbsp;HAL_UART_Init
</UL>

<P><STRONG><a name="[d0]"></a>UART_WaitOnFlagUntilTimeout</STRONG> (Thumb, 268 bytes, Stack size 32 bytes, stm32g4xx_hal_uart.o(.text.UART_WaitOnFlagUntilTimeout))
<BR><BR>[Stack]<UL><LI>Max Depth = 48<LI>Call Chain = UART_WaitOnFlagUntilTimeout &rArr; UART_EndRxTransfer
</UL>
<BR>[Calls]<UL><LI><a href="#[b7]">&gt;&gt;</a>&nbsp;&nbsp;&nbsp;UART_EndRxTransfer
<LI><a href="#[88]">&gt;&gt;</a>&nbsp;&nbsp;&nbsp;HAL_GetTick
</UL>
<BR>[Called By]<UL><LI><a href="#[c4]">&gt;&gt;</a>&nbsp;&nbsp;&nbsp;UART_CheckIdleState
</UL>

<P><STRONG><a name="[30]"></a>USART2_IRQHandler</STRONG> (Thumb, 16 bytes, Stack size 8 bytes, stm32g4xx_it.o(.text.USART2_IRQHandler))
<BR><BR>[Stack]<UL><LI>Max Depth = 100<LI>Call Chain = USART2_IRQHandler &rArr; HAL_UART_IRQHandler &rArr; UART_EndTransmit_IT &rArr; HAL_UART_TxCpltCallback
</UL>
<BR>[Calls]<UL><LI><a href="#[b6]">&gt;&gt;</a>&nbsp;&nbsp;&nbsp;HAL_UART_IRQHandler
</UL>
<BR>[Address Reference Count : 1]<UL><LI> startup_stm32g473xx.o(RESET)
</UL>
<P><STRONG><a name="[31]"></a>USART3_IRQHandler</STRONG> (Thumb, 16 bytes, Stack size 8 bytes, stm32g4xx_it.o(.text.USART3_IRQHandler))
<BR><BR>[Stack]<UL><LI>Max Depth = 100<LI>Call Chain = USART3_IRQHandler &rArr; HAL_UART_IRQHandler &rArr; UART_EndTransmit_IT &rArr; HAL_UART_TxCpltCallback
</UL>
<BR>[Calls]<UL><LI><a href="#[b6]">&gt;&gt;</a>&nbsp;&nbsp;&nbsp;HAL_UART_IRQHandler
</UL>
<BR>[Address Reference Count : 1]<UL><LI> startup_stm32g473xx.o(RESET)
</UL>
<P><STRONG><a name="[5]"></a>UsageFault_Handler</STRONG> (Thumb, 4 bytes, Stack size 0 bytes, stm32g4xx_it.o(.text.UsageFault_Handler))
<BR>[Address Reference Count : 1]<UL><LI> startup_stm32g473xx.o(RESET)
</UL>
<P><STRONG><a name="[e7]"></a>dji_degree2encoder</STRONG> (Thumb, 40 bytes, Stack size 8 bytes, dji_motor.o(.text.dji_degree2encoder))
<BR><BR>[Stack]<UL><LI>Max Depth = 8<LI>Call Chain = dji_degree2encoder
</UL>
<BR>[Called By]<UL><LI><a href="#[e6]">&gt;&gt;</a>&nbsp;&nbsp;&nbsp;gimbal_set_angle
</UL>

<P><STRONG><a name="[e2]"></a>dji_motor_get_instance</STRONG> (Thumb, 50 bytes, Stack size 8 bytes, dji_motor.o(.text.dji_motor_get_instance))
<BR><BR>[Stack]<UL><LI>Max Depth = 8<LI>Call Chain = dji_motor_get_instance
</UL>
<BR>[Called By]<UL><LI><a href="#[e3]">&gt;&gt;</a>&nbsp;&nbsp;&nbsp;gimbal_control_loop
<LI><a href="#[e0]">&gt;&gt;</a>&nbsp;&nbsp;&nbsp;gimbal_control_init
</UL>

<P><STRONG><a name="[6a]"></a>dji_motor_message_handler</STRONG> (Thumb, 208 bytes, Stack size 32 bytes, dji_motor.o(.text.dji_motor_message_handler))
<BR><BR>[Stack]<UL><LI>Max Depth = 192<LI>Call Chain = dji_motor_message_handler &rArr; dji_motor_send_commands &rArr; HAL_FDCAN_AddMessageToTxFifoQ &rArr; FDCAN_CopyMessageToRAM
</UL>
<BR>[Calls]<UL><LI><a href="#[88]">&gt;&gt;</a>&nbsp;&nbsp;&nbsp;HAL_GetTick
<LI><a href="#[d7]">&gt;&gt;</a>&nbsp;&nbsp;&nbsp;Pid_incremental_cal
<LI><a href="#[d8]">&gt;&gt;</a>&nbsp;&nbsp;&nbsp;dji_motor_send_commands
<LI><a href="#[d6]">&gt;&gt;</a>&nbsp;&nbsp;&nbsp;get_total_angle
<LI><a href="#[d5]">&gt;&gt;</a>&nbsp;&nbsp;&nbsp;get_motor_measure
</UL>
<BR>[Address Reference Count : 1]<UL><LI> dji_motor.o(.text.dji_motor_configure)
</UL>
<P><STRONG><a name="[e5]"></a>dji_motor_set_location</STRONG> (Thumb, 32 bytes, Stack size 8 bytes, dji_motor.o(.text.dji_motor_set_location))
<BR><BR>[Stack]<UL><LI>Max Depth = 8<LI>Call Chain = dji_motor_set_location
</UL>
<BR>[Called By]<UL><LI><a href="#[e3]">&gt;&gt;</a>&nbsp;&nbsp;&nbsp;gimbal_control_loop
</UL>

<P><STRONG><a name="[d9]"></a>dji_motors_init</STRONG> (Thumb, 180 bytes, Stack size 24 bytes, dji_motor.o(.text.dji_motors_init))
<BR><BR>[Stack]<UL><LI>Max Depth = 128<LI>Call Chain = dji_motors_init &rArr; dji_motor_configure &rArr; fdcan_bsp_register
</UL>
<BR>[Calls]<UL><LI><a href="#[d3]">&gt;&gt;</a>&nbsp;&nbsp;&nbsp;dji_motor_configure
</UL>
<BR>[Called By]<UL><LI><a href="#[76]">&gt;&gt;</a>&nbsp;&nbsp;&nbsp;main
</UL>

<P><STRONG><a name="[e9]"></a>fdcan_bsp_init</STRONG> (Thumb, 62 bytes, Stack size 4 bytes, fdcan_bsp.o(.text.fdcan_bsp_init))
<BR><BR>[Stack]<UL><LI>Max Depth = 4<LI>Call Chain = fdcan_bsp_init
</UL>
<BR>[Called By]<UL><LI><a href="#[76]">&gt;&gt;</a>&nbsp;&nbsp;&nbsp;main
</UL>

<P><STRONG><a name="[d4]"></a>fdcan_bsp_register</STRONG> (Thumb, 162 bytes, Stack size 24 bytes, fdcan_bsp.o(.text.fdcan_bsp_register))
<BR><BR>[Stack]<UL><LI>Max Depth = 24<LI>Call Chain = fdcan_bsp_register
</UL>
<BR>[Called By]<UL><LI><a href="#[d3]">&gt;&gt;</a>&nbsp;&nbsp;&nbsp;dji_motor_configure
</UL>

<P><STRONG><a name="[da]"></a>fdcan_bsp_start</STRONG> (Thumb, 218 bytes, Stack size 48 bytes, fdcan_bsp.o(.text.fdcan_bsp_start))
<BR><BR>[Stack]<UL><LI>Max Depth = 76<LI>Call Chain = fdcan_bsp_start &rArr; HAL_FDCAN_ConfigFilter
</UL>
<BR>[Calls]<UL><LI><a href="#[dd]">&gt;&gt;</a>&nbsp;&nbsp;&nbsp;HAL_FDCAN_ActivateNotification
<LI><a href="#[de]">&gt;&gt;</a>&nbsp;&nbsp;&nbsp;HAL_FDCAN_Start
<LI><a href="#[dc]">&gt;&gt;</a>&nbsp;&nbsp;&nbsp;HAL_FDCAN_ConfigGlobalFilter
<LI><a href="#[db]">&gt;&gt;</a>&nbsp;&nbsp;&nbsp;HAL_FDCAN_ConfigFilter
</UL>
<BR>[Called By]<UL><LI><a href="#[76]">&gt;&gt;</a>&nbsp;&nbsp;&nbsp;main
</UL>

<P><STRONG><a name="[e0]"></a>gimbal_control_init</STRONG> (Thumb, 136 bytes, Stack size 16 bytes, control.o(.text.gimbal_control_init))
<BR><BR>[Stack]<UL><LI>Max Depth = 32<LI>Call Chain = gimbal_control_init &rArr; ramp_init
</UL>
<BR>[Calls]<UL><LI><a href="#[e1]">&gt;&gt;</a>&nbsp;&nbsp;&nbsp;ramp_init
<LI><a href="#[e2]">&gt;&gt;</a>&nbsp;&nbsp;&nbsp;dji_motor_get_instance
</UL>
<BR>[Called By]<UL><LI><a href="#[76]">&gt;&gt;</a>&nbsp;&nbsp;&nbsp;main
</UL>

<P><STRONG><a name="[e3]"></a>gimbal_control_loop</STRONG> (Thumb, 164 bytes, Stack size 32 bytes, control.o(.text.gimbal_control_loop))
<BR><BR>[Stack]<UL><LI>Max Depth = 112<LI>Call Chain = gimbal_control_loop &rArr; ramp_calc &rArr; __hardfp_sqrtf &rArr; __set_errno
</UL>
<BR>[Calls]<UL><LI><a href="#[e4]">&gt;&gt;</a>&nbsp;&nbsp;&nbsp;ramp_calc
<LI><a href="#[e5]">&gt;&gt;</a>&nbsp;&nbsp;&nbsp;dji_motor_set_location
<LI><a href="#[e2]">&gt;&gt;</a>&nbsp;&nbsp;&nbsp;dji_motor_get_instance
</UL>
<BR>[Called By]<UL><LI><a href="#[76]">&gt;&gt;</a>&nbsp;&nbsp;&nbsp;main
</UL>

<P><STRONG><a name="[e6]"></a>gimbal_set_angle</STRONG> (Thumb, 104 bytes, Stack size 24 bytes, control.o(.text.gimbal_set_angle))
<BR><BR>[Stack]<UL><LI>Max Depth = 32<LI>Call Chain = gimbal_set_angle &rArr; ramp_set_target
</UL>
<BR>[Calls]<UL><LI><a href="#[e8]">&gt;&gt;</a>&nbsp;&nbsp;&nbsp;ramp_set_target
<LI><a href="#[e7]">&gt;&gt;</a>&nbsp;&nbsp;&nbsp;dji_degree2encoder
</UL>
<BR>[Called By]<UL><LI><a href="#[76]">&gt;&gt;</a>&nbsp;&nbsp;&nbsp;main
</UL>

<P><STRONG><a name="[76]"></a>main</STRONG> (Thumb, 224 bytes, Stack size 32 bytes, main.o(.text.main))
<BR><BR>[Stack]<UL><LI>Max Depth = 296 + Unknown Stack Size
<LI>Call Chain = main &rArr; MX_FDCAN2_Init &rArr; HAL_FDCAN_Init &rArr; HAL_FDCAN_MspInit &rArr; HAL_NVIC_SetPriority &rArr; NVIC_EncodePriority
</UL>
<BR>[Calls]<UL><LI><a href="#[e3]">&gt;&gt;</a>&nbsp;&nbsp;&nbsp;gimbal_control_loop
<LI><a href="#[88]">&gt;&gt;</a>&nbsp;&nbsp;&nbsp;HAL_GetTick
<LI><a href="#[e6]">&gt;&gt;</a>&nbsp;&nbsp;&nbsp;gimbal_set_angle
<LI><a href="#[87]">&gt;&gt;</a>&nbsp;&nbsp;&nbsp;HAL_Delay
<LI><a href="#[e0]">&gt;&gt;</a>&nbsp;&nbsp;&nbsp;gimbal_control_init
<LI><a href="#[d9]">&gt;&gt;</a>&nbsp;&nbsp;&nbsp;dji_motors_init
<LI><a href="#[da]">&gt;&gt;</a>&nbsp;&nbsp;&nbsp;fdcan_bsp_start
<LI><a href="#[e9]">&gt;&gt;</a>&nbsp;&nbsp;&nbsp;fdcan_bsp_init
<LI><a href="#[cc]">&gt;&gt;</a>&nbsp;&nbsp;&nbsp;MX_USART3_UART_Init
<LI><a href="#[ca]">&gt;&gt;</a>&nbsp;&nbsp;&nbsp;MX_USART2_UART_Init
<LI><a href="#[c7]">&gt;&gt;</a>&nbsp;&nbsp;&nbsp;MX_FDCAN2_Init
<LI><a href="#[c6]">&gt;&gt;</a>&nbsp;&nbsp;&nbsp;MX_FDCAN1_Init
<LI><a href="#[c5]">&gt;&gt;</a>&nbsp;&nbsp;&nbsp;MX_DMA_Init
<LI><a href="#[c8]">&gt;&gt;</a>&nbsp;&nbsp;&nbsp;MX_GPIO_Init
<LI><a href="#[ce]">&gt;&gt;</a>&nbsp;&nbsp;&nbsp;SystemClock_Config
<LI><a href="#[a0]">&gt;&gt;</a>&nbsp;&nbsp;&nbsp;HAL_Init
</UL>
<BR>[Called By]<UL><LI><a href="#[75]">&gt;&gt;</a>&nbsp;&nbsp;&nbsp;__rt_entry_main
</UL>

<P><STRONG><a name="[e4]"></a>ramp_calc</STRONG> (Thumb, 330 bytes, Stack size 56 bytes, ramp.o(.text.ramp_calc))
<BR><BR>[Stack]<UL><LI>Max Depth = 80<LI>Call Chain = ramp_calc &rArr; __hardfp_sqrtf &rArr; __set_errno
</UL>
<BR>[Calls]<UL><LI><a href="#[ea]">&gt;&gt;</a>&nbsp;&nbsp;&nbsp;__hardfp_sqrtf
<LI><a href="#[eb]">&gt;&gt;</a>&nbsp;&nbsp;&nbsp;sign
</UL>
<BR>[Called By]<UL><LI><a href="#[e3]">&gt;&gt;</a>&nbsp;&nbsp;&nbsp;gimbal_control_loop
</UL>

<P><STRONG><a name="[e1]"></a>ramp_init</STRONG> (Thumb, 52 bytes, Stack size 16 bytes, ramp.o(.text.ramp_init))
<BR><BR>[Stack]<UL><LI>Max Depth = 16<LI>Call Chain = ramp_init
</UL>
<BR>[Called By]<UL><LI><a href="#[e0]">&gt;&gt;</a>&nbsp;&nbsp;&nbsp;gimbal_control_init
</UL>

<P><STRONG><a name="[e8]"></a>ramp_set_target</STRONG> (Thumb, 18 bytes, Stack size 8 bytes, ramp.o(.text.ramp_set_target))
<BR><BR>[Stack]<UL><LI>Max Depth = 8<LI>Call Chain = ramp_set_target
</UL>
<BR>[Called By]<UL><LI><a href="#[e6]">&gt;&gt;</a>&nbsp;&nbsp;&nbsp;gimbal_set_angle
</UL>

<P><STRONG><a name="[ea]"></a>__hardfp_sqrtf</STRONG> (Thumb, 58 bytes, Stack size 16 bytes, sqrtf.o(i.__hardfp_sqrtf))
<BR><BR>[Stack]<UL><LI>Max Depth = 24<LI>Call Chain = __hardfp_sqrtf &rArr; __set_errno
</UL>
<BR>[Calls]<UL><LI><a href="#[7e]">&gt;&gt;</a>&nbsp;&nbsp;&nbsp;__set_errno
</UL>
<BR>[Called By]<UL><LI><a href="#[e4]">&gt;&gt;</a>&nbsp;&nbsp;&nbsp;ramp_calc
</UL>

<P><STRONG><a name="[70]"></a>_fp_init</STRONG> (Thumb, 26 bytes, Stack size 0 bytes, fpinit.o(x$fpl$fpinit))
<BR><BR>[Called By]<UL><LI><a href="#[6f]">&gt;&gt;</a>&nbsp;&nbsp;&nbsp;__rt_lib_init_fp_1
</UL>

<P><STRONG><a name="[11d]"></a>__fplib_config_fpu_vfp</STRONG> (Thumb, 0 bytes, Stack size unknown bytes, fpinit.o(x$fpl$fpinit), UNUSED)

<P><STRONG><a name="[11e]"></a>__fplib_config_pureend_doubles</STRONG> (Thumb, 0 bytes, Stack size unknown bytes, fpinit.o(x$fpl$fpinit), UNUSED)
<P>
<H3>
Local Symbols
</H3>
<P><STRONG><a name="[98]"></a>FDCAN_CalcultateRamBlockAddresses</STRONG> (Thumb, 214 bytes, Stack size 12 bytes, stm32g4xx_hal_fdcan.o(.text.FDCAN_CalcultateRamBlockAddresses))
<BR><BR>[Stack]<UL><LI>Max Depth = 12<LI>Call Chain = FDCAN_CalcultateRamBlockAddresses
</UL>
<BR>[Called By]<UL><LI><a href="#[96]">&gt;&gt;</a>&nbsp;&nbsp;&nbsp;HAL_FDCAN_Init
</UL>

<P><STRONG><a name="[8a]"></a>FDCAN_CopyMessageToRAM</STRONG> (Thumb, 182 bytes, Stack size 32 bytes, stm32g4xx_hal_fdcan.o(.text.FDCAN_CopyMessageToRAM))
<BR><BR>[Stack]<UL><LI>Max Depth = 32<LI>Call Chain = FDCAN_CopyMessageToRAM
</UL>
<BR>[Called By]<UL><LI><a href="#[89]">&gt;&gt;</a>&nbsp;&nbsp;&nbsp;HAL_FDCAN_AddMessageToTxFifoQ
</UL>

<P><STRONG><a name="[ac]"></a>RCC_GetSysClockFreqFromPLLSource</STRONG> (Thumb, 156 bytes, Stack size 24 bytes, stm32g4xx_hal_rcc.o(.text.RCC_GetSysClockFreqFromPLLSource))
<BR><BR>[Stack]<UL><LI>Max Depth = 24<LI>Call Chain = RCC_GetSysClockFreqFromPLLSource
</UL>
<BR>[Called By]<UL><LI><a href="#[ab]">&gt;&gt;</a>&nbsp;&nbsp;&nbsp;HAL_RCC_ClockConfig
</UL>

<P><STRONG><a name="[85]"></a>DMA_CalcDMAMUXChannelBaseAndMask</STRONG> (Thumb, 116 bytes, Stack size 16 bytes, stm32g4xx_hal_dma.o(.text.DMA_CalcDMAMUXChannelBaseAndMask))
<BR><BR>[Stack]<UL><LI>Max Depth = 16<LI>Call Chain = DMA_CalcDMAMUXChannelBaseAndMask
</UL>
<BR>[Called By]<UL><LI><a href="#[84]">&gt;&gt;</a>&nbsp;&nbsp;&nbsp;HAL_DMA_Init
</UL>

<P><STRONG><a name="[86]"></a>DMA_CalcDMAMUXRequestGenBaseAndMask</STRONG> (Thumb, 60 bytes, Stack size 8 bytes, stm32g4xx_hal_dma.o(.text.DMA_CalcDMAMUXRequestGenBaseAndMask))
<BR><BR>[Stack]<UL><LI>Max Depth = 8<LI>Call Chain = DMA_CalcDMAMUXRequestGenBaseAndMask
</UL>
<BR>[Called By]<UL><LI><a href="#[84]">&gt;&gt;</a>&nbsp;&nbsp;&nbsp;HAL_DMA_Init
</UL>

<P><STRONG><a name="[aa]"></a>__NVIC_SetPriorityGrouping</STRONG> (Thumb, 60 bytes, Stack size 12 bytes, stm32g4xx_hal_cortex.o(.text.__NVIC_SetPriorityGrouping))
<BR><BR>[Stack]<UL><LI>Max Depth = 12<LI>Call Chain = __NVIC_SetPriorityGrouping
</UL>
<BR>[Called By]<UL><LI><a href="#[a1]">&gt;&gt;</a>&nbsp;&nbsp;&nbsp;HAL_NVIC_SetPriorityGrouping
</UL>

<P><STRONG><a name="[a7]"></a>__NVIC_GetPriorityGrouping</STRONG> (Thumb, 16 bytes, Stack size 0 bytes, stm32g4xx_hal_cortex.o(.text.__NVIC_GetPriorityGrouping))
<BR><BR>[Called By]<UL><LI><a href="#[9d]">&gt;&gt;</a>&nbsp;&nbsp;&nbsp;HAL_NVIC_SetPriority
</UL>

<P><STRONG><a name="[a8]"></a>NVIC_EncodePriority</STRONG> (Thumb, 108 bytes, Stack size 32 bytes, stm32g4xx_hal_cortex.o(.text.NVIC_EncodePriority))
<BR><BR>[Stack]<UL><LI>Max Depth = 32<LI>Call Chain = NVIC_EncodePriority
</UL>
<BR>[Called By]<UL><LI><a href="#[9d]">&gt;&gt;</a>&nbsp;&nbsp;&nbsp;HAL_NVIC_SetPriority
</UL>

<P><STRONG><a name="[a9]"></a>__NVIC_SetPriority</STRONG> (Thumb, 66 bytes, Stack size 8 bytes, stm32g4xx_hal_cortex.o(.text.__NVIC_SetPriority))
<BR><BR>[Stack]<UL><LI>Max Depth = 8<LI>Call Chain = __NVIC_SetPriority
</UL>
<BR>[Called By]<UL><LI><a href="#[b2]">&gt;&gt;</a>&nbsp;&nbsp;&nbsp;SysTick_Config
<LI><a href="#[9d]">&gt;&gt;</a>&nbsp;&nbsp;&nbsp;HAL_NVIC_SetPriority
</UL>

<P><STRONG><a name="[a6]"></a>__NVIC_EnableIRQ</STRONG> (Thumb, 48 bytes, Stack size 4 bytes, stm32g4xx_hal_cortex.o(.text.__NVIC_EnableIRQ))
<BR><BR>[Stack]<UL><LI>Max Depth = 4<LI>Call Chain = __NVIC_EnableIRQ
</UL>
<BR>[Called By]<UL><LI><a href="#[9e]">&gt;&gt;</a>&nbsp;&nbsp;&nbsp;HAL_NVIC_EnableIRQ
</UL>

<P><STRONG><a name="[b2]"></a>SysTick_Config</STRONG> (Thumb, 82 bytes, Stack size 16 bytes, stm32g4xx_hal_cortex.o(.text.SysTick_Config))
<BR><BR>[Stack]<UL><LI>Max Depth = 24<LI>Call Chain = SysTick_Config &rArr; __NVIC_SetPriority
</UL>
<BR>[Calls]<UL><LI><a href="#[a9]">&gt;&gt;</a>&nbsp;&nbsp;&nbsp;__NVIC_SetPriority
</UL>
<BR>[Called By]<UL><LI><a href="#[a4]">&gt;&gt;</a>&nbsp;&nbsp;&nbsp;HAL_SYSTICK_Config
</UL>

<P><STRONG><a name="[b7]"></a>UART_EndRxTransfer</STRONG> (Thumb, 158 bytes, Stack size 16 bytes, stm32g4xx_hal_uart.o(.text.UART_EndRxTransfer))
<BR><BR>[Stack]<UL><LI>Max Depth = 16<LI>Call Chain = UART_EndRxTransfer
</UL>
<BR>[Called By]<UL><LI><a href="#[b6]">&gt;&gt;</a>&nbsp;&nbsp;&nbsp;HAL_UART_IRQHandler
<LI><a href="#[d0]">&gt;&gt;</a>&nbsp;&nbsp;&nbsp;UART_WaitOnFlagUntilTimeout
</UL>

<P><STRONG><a name="[69]"></a>UART_DMAAbortOnError</STRONG> (Thumb, 30 bytes, Stack size 16 bytes, stm32g4xx_hal_uart.o(.text.UART_DMAAbortOnError))
<BR><BR>[Stack]<UL><LI>Max Depth = 20<LI>Call Chain = UART_DMAAbortOnError &rArr; HAL_UART_ErrorCallback
</UL>
<BR>[Calls]<UL><LI><a href="#[b9]">&gt;&gt;</a>&nbsp;&nbsp;&nbsp;HAL_UART_ErrorCallback
</UL>
<BR>[Address Reference Count : 1]<UL><LI> stm32g4xx_hal_uart.o(.text.HAL_UART_IRQHandler)
</UL>
<P><STRONG><a name="[bd]"></a>UART_EndTransmit_IT</STRONG> (Thumb, 68 bytes, Stack size 16 bytes, stm32g4xx_hal_uart.o(.text.UART_EndTransmit_IT))
<BR><BR>[Stack]<UL><LI>Max Depth = 20<LI>Call Chain = UART_EndTransmit_IT &rArr; HAL_UART_TxCpltCallback
</UL>
<BR>[Calls]<UL><LI><a href="#[d1]">&gt;&gt;</a>&nbsp;&nbsp;&nbsp;HAL_UART_TxCpltCallback
</UL>
<BR>[Called By]<UL><LI><a href="#[b6]">&gt;&gt;</a>&nbsp;&nbsp;&nbsp;HAL_UART_IRQHandler
</UL>

<P><STRONG><a name="[b4]"></a>UARTEx_SetNbDataToProcess</STRONG> (Thumb, 134 bytes, Stack size 8 bytes, stm32g4xx_hal_uart_ex.o(.text.UARTEx_SetNbDataToProcess))
<BR><BR>[Stack]<UL><LI>Max Depth = 8<LI>Call Chain = UARTEx_SetNbDataToProcess
</UL>
<BR>[Called By]<UL><LI><a href="#[b3]">&gt;&gt;</a>&nbsp;&nbsp;&nbsp;HAL_UARTEx_SetRxFifoThreshold
<LI><a href="#[b5]">&gt;&gt;</a>&nbsp;&nbsp;&nbsp;HAL_UARTEx_SetTxFifoThreshold
</UL>

<P><STRONG><a name="[d3]"></a>dji_motor_configure</STRONG> (Thumb, 208 bytes, Stack size 80 bytes, dji_motor.o(.text.dji_motor_configure))
<BR><BR>[Stack]<UL><LI>Max Depth = 104<LI>Call Chain = dji_motor_configure &rArr; fdcan_bsp_register
</UL>
<BR>[Calls]<UL><LI><a href="#[d4]">&gt;&gt;</a>&nbsp;&nbsp;&nbsp;fdcan_bsp_register
</UL>
<BR>[Called By]<UL><LI><a href="#[d9]">&gt;&gt;</a>&nbsp;&nbsp;&nbsp;dji_motors_init
</UL>

<P><STRONG><a name="[d5]"></a>get_motor_measure</STRONG> (Thumb, 66 bytes, Stack size 8 bytes, dji_motor.o(.text.get_motor_measure))
<BR><BR>[Stack]<UL><LI>Max Depth = 8<LI>Call Chain = get_motor_measure
</UL>
<BR>[Called By]<UL><LI><a href="#[6a]">&gt;&gt;</a>&nbsp;&nbsp;&nbsp;dji_motor_message_handler
</UL>

<P><STRONG><a name="[d6]"></a>get_total_angle</STRONG> (Thumb, 72 bytes, Stack size 8 bytes, dji_motor.o(.text.get_total_angle))
<BR><BR>[Stack]<UL><LI>Max Depth = 8<LI>Call Chain = get_total_angle
</UL>
<BR>[Called By]<UL><LI><a href="#[6a]">&gt;&gt;</a>&nbsp;&nbsp;&nbsp;dji_motor_message_handler
</UL>

<P><STRONG><a name="[d8]"></a>dji_motor_send_commands</STRONG> (Thumb, 564 bytes, Stack size 96 bytes, dji_motor.o(.text.dji_motor_send_commands))
<BR><BR>[Stack]<UL><LI>Max Depth = 160<LI>Call Chain = dji_motor_send_commands &rArr; HAL_FDCAN_AddMessageToTxFifoQ &rArr; FDCAN_CopyMessageToRAM
</UL>
<BR>[Calls]<UL><LI><a href="#[89]">&gt;&gt;</a>&nbsp;&nbsp;&nbsp;HAL_FDCAN_AddMessageToTxFifoQ
</UL>
<BR>[Called By]<UL><LI><a href="#[6a]">&gt;&gt;</a>&nbsp;&nbsp;&nbsp;dji_motor_message_handler
</UL>

<P><STRONG><a name="[9f]"></a>fdcan_dispatch_router</STRONG> (Thumb, 154 bytes, Stack size 128 bytes, fdcan_bsp.o(.text.fdcan_dispatch_router))
<BR><BR>[Stack]<UL><LI>Max Depth = 168<LI>Call Chain = fdcan_dispatch_router &rArr; HAL_FDCAN_GetRxMessage
</UL>
<BR>[Calls]<UL><LI><a href="#[df]">&gt;&gt;</a>&nbsp;&nbsp;&nbsp;HAL_FDCAN_GetRxMessage
</UL>
<BR>[Called By]<UL><LI><a href="#[8f]">&gt;&gt;</a>&nbsp;&nbsp;&nbsp;HAL_FDCAN_RxFifo1Callback
<LI><a href="#[8e]">&gt;&gt;</a>&nbsp;&nbsp;&nbsp;HAL_FDCAN_RxFifo0Callback
</UL>

<P><STRONG><a name="[eb]"></a>sign</STRONG> (Thumb, 70 bytes, Stack size 8 bytes, ramp.o(.text.sign))
<BR><BR>[Stack]<UL><LI>Max Depth = 8<LI>Call Chain = sign
</UL>
<BR>[Called By]<UL><LI><a href="#[e4]">&gt;&gt;</a>&nbsp;&nbsp;&nbsp;ramp_calc
</UL>
<P>
<H3>
Undefined Global Symbols
</H3><HR></body></html>
